
[AUDIT 29 Jun 2026 22:02]
BLOCKED_ROBOTS | Antara Bisnis | robots.txt: Disallow semua path untuk semua bot
BLOCKED_ROBOTS | Pikiran Rakyat | robots.txt: Disallow semua path untuk semua bot
BLOCKED_ROBOTS | Harian Jogja | robots.txt: Disallow semua path untuk semua bot
BLOCKED_ROBOTS | Suara Merdeka | robots.txt: Disallow semua path untuk semua bot
SKIP | Radar Bandung | sudah terdaftar
BLOCKED_ROBOTS | Jawa Pos | robots.txt: Disallow semua path untuk semua bot
INVALID_RSS | Radar Surabaya | HTTP 0
INVALID_RSS | Radar Malang | HTTP 0
SKIP | Medcom | sudah terdaftar
SKIP | RMOL | sudah terdaftar
SKIP | Gatra | sudah terdaftar
BLOCKED_ROBOTS | Sinar Harapan | robots.txt: Disallow semua path untuk semua bot
SKIP | Kontan | sudah terdaftar
SKIP | Google News — Bisnis Indonesia | sudah terdaftar
SKIP | Google News — Ekspor Impor | sudah terdaftar
SKIP | Google News — UMKM | sudah terdaftar
SKIP | Rumah.com Berita | sudah terdaftar
INVALID_RSS | Sinarmas Land | HTTP 0
SKIP |  | sudah terdaftar
SKIP | checked.value | sudah terdaftar
INVALID_RSS | ''; | HTTP 0
INVALID_RSS | e.target.closest('input[type="radio"][name="price"]');            if (!radio) return; | HTTP 0
INVALID_RSS | (badge_session | HTTP 0
INVALID_RSS | (badge_session == 3 && document.cookie.indexOf("badge_feedback_success=") == -1)) { | HTTP 0
INVALID_RSS | document.cookie.indexOf("badge_feedback_success=") == -1) { | HTTP 0
INVALID_RSS | click_icon_counter_badge == 0)) { | HTTP 0
INVALID_RSS | document.cookie.indexOf("badge_feedback_success=") == -1) { | HTTP 0
INVALID_RSS | feedback_click_counter == 0) { | HTTP 0
INVALID_RSS | "")  + expires + "; ;domain=.kompas.com;path=/"; | HTTP 0
BLOCKED_ROBOTS | Antara Bisnis | robots.txt: Disallow semua path untuk semua bot
BLOCKED_ROBOTS | Pikiran Rakyat | robots.txt: Disallow semua path untuk semua bot
BLOCKED_ROBOTS | Harian Jogja | robots.txt: Disallow semua path untuk semua bot
BLOCKED_ROBOTS | Suara Merdeka | robots.txt: Disallow semua path untuk semua bot
SKIP | Radar Bandung | sudah terdaftar
BLOCKED_ROBOTS | Jawa Pos | robots.txt: Disallow semua path untuk semua bot
INVALID_RSS | Radar Surabaya | HTTP 0
INVALID_RSS | Radar Malang | HTTP 0
SKIP | Medcom | sudah terdaftar
SKIP | RMOL | sudah terdaftar
SKIP | Gatra | sudah terdaftar
BLOCKED_ROBOTS | Sinar Harapan | robots.txt: Disallow semua path untuk semua bot
SKIP | Kontan | sudah terdaftar
SKIP | Google News — Bisnis Indonesia | sudah terdaftar
SKIP | Google News — Ekspor Impor | sudah terdaftar
SKIP | Google News — UMKM | sudah terdaftar
SKIP | Rumah.com Berita | sudah terdaftar
INVALID_RSS | Sinarmas Land | HTTP 0

[AUDIT 29 Jun 2026 22:07]
BLOCKED_ROBOTS | Antara Bisnis | robots.txt: Disallow semua path untuk semua bot
BLOCKED_ROBOTS | Pikiran Rakyat | robots.txt: Disallow semua path untuk semua bot
BLOCKED_ROBOTS | Harian Jogja | robots.txt: Disallow semua path untuk semua bot
BLOCKED_ROBOTS | Suara Merdeka | robots.txt: Disallow semua path untuk semua bot
SKIP | Radar Bandung | sudah terdaftar
BLOCKED_ROBOTS | Jawa Pos | robots.txt: Disallow semua path untuk semua bot
INVALID_RSS | Radar Surabaya | HTTP 0
INVALID_RSS | Radar Malang | HTTP 0
SKIP | Medcom | sudah terdaftar
SKIP | RMOL | sudah terdaftar
SKIP | Gatra | sudah terdaftar
BLOCKED_ROBOTS | Sinar Harapan | robots.txt: Disallow semua path untuk semua bot
SKIP | Kontan | sudah terdaftar
SKIP | Google News — Bisnis Indonesia | sudah terdaftar
SKIP | Google News — Ekspor Impor | sudah terdaftar
SKIP | Google News — UMKM | sudah terdaftar
SKIP | Rumah.com Berita | sudah terdaftar
INVALID_RSS | Sinarmas Land | HTTP 0
BLOCKED_ROBOTS | Antara Bisnis | robots.txt: Disallow semua path untuk semua bot
BLOCKED_ROBOTS | Pikiran Rakyat | robots.txt: Disallow semua path untuk semua bot
BLOCKED_ROBOTS | Harian Jogja | robots.txt: Disallow semua path untuk semua bot
BLOCKED_ROBOTS | Suara Merdeka | robots.txt: Disallow semua path untuk semua bot
SKIP | Radar Bandung | sudah terdaftar
BLOCKED_ROBOTS | Jawa Pos | robots.txt: Disallow semua path untuk semua bot
INVALID_RSS | Radar Surabaya | HTTP 0
INVALID_RSS | Radar Malang | HTTP 0
SKIP | Medcom | sudah terdaftar
SKIP | RMOL | sudah terdaftar
SKIP | Gatra | sudah terdaftar
BLOCKED_ROBOTS | Sinar Harapan | robots.txt: Disallow semua path untuk semua bot
SKIP | Kontan | sudah terdaftar
SKIP | Google News — Bisnis Indonesia | sudah terdaftar
SKIP | Google News — Ekspor Impor | sudah terdaftar
SKIP | Google News — UMKM | sudah terdaftar
SKIP | Rumah.com Berita | sudah terdaftar
INVALID_RSS | Sinarmas Land | HTTP 0
INVALID_RSS | LPSE Kota Bandung | HTTP 0
INVALID_RSS | LPSE Kota Surabaya | HTTP 0
INVALID_RSS | LPSE Kota Semarang | HTTP 0
INVALID_RSS | LPSE Kota Medan | HTTP 0
INVALID_RSS | LPSE Kota Depok | HTTP 0
INVALID_RSS | LPSE Kota Bekasi | HTTP 0
INVALID_RSS | LPSE Kota Bogor | HTTP 0
INVALID_RSS | LPSE Kota Tangerang | HTTP 0
INVALID_RSS | LPSE Tangerang Selatan | HTTP 0
INVALID_RSS | LPSE Kota Yogyakarta | HTTP 0
INVALID_RSS | LPSE Kota Makassar | HTTP 0
INVALID_RSS | LPSE Kota Palembang | HTTP 0
INVALID_RSS | LPSE Kota Balikpapan | HTTP 0
INVALID_RSS | LPSE Kota Denpasar | HTTP 0
INVALID_RSS | LPSE Kota Malang | HTTP 0
INVALID_RSS | LPSE KPU | HTTP 0
INVALID_RSS | LPSE Kementerian PU | HTTP 0
INVALID_RSS | LPSE Kominfo | HTTP 0
INVALID_RSS | LPSE BPK | HTTP 0
INVALID_RSS | LPSE Polri | HTTP 0
BLOCKED_ROBOTS | Google News — Loker Medan | robots.txt: Disallow semua path untuk semua bot
BLOCKED_ROBOTS | Google News — Loker Makassar | robots.txt: Disallow semua path untuk semua bot
BLOCKED_ROBOTS | Google News — Loker Semarang | robots.txt: Disallow semua path untuk semua bot
BLOCKED_ROBOTS | Google News — Loker Yogyakarta | robots.txt: Disallow semua path untuk semua bot
BLOCKED_ROBOTS | Google News — Loker Bali | robots.txt: Disallow semua path untuk semua bot
BLOCKED_ROBOTS | Google News — Rekrutmen TNI Polri | robots.txt: Disallow semua path untuk semua bot
BLOCKED_ROBOTS | Google News — Seleksi PPPK | robots.txt: Disallow semua path untuk semua bot
BLOCKED_ROBOTS | Google News — Loker Tambang Migas | robots.txt: Disallow semua path untuk semua bot
BLOCKED_ROBOTS | Google News — Properti Bandung | robots.txt: Disallow semua path untuk semua bot
BLOCKED_ROBOTS | Google News — Properti Medan | robots.txt: Disallow semua path untuk semua bot
BLOCKED_ROBOTS | Google News — Properti Yogyakarta | robots.txt: Disallow semua path untuk semua bot
BLOCKED_ROBOTS | Google News — Tanah Bogor | robots.txt: Disallow semua path untuk semua bot
BLOCKED_ROBOTS | Google News — Ruko Bekasi | robots.txt: Disallow semua path untuk semua bot
BLOCKED_ROBOTS | Google News — Apartemen Jakarta | robots.txt: Disallow semua path untuk semua bot
BLOCKED_ROBOTS | Google News — Mobil Bekas Jakarta | robots.txt: Disallow semua path untuk semua bot
BLOCKED_ROBOTS | Google News — Motor Bekas Jakarta | robots.txt: Disallow semua path untuk semua bot
BLOCKED_ROBOTS | Google News — Bus Bekas | robots.txt: Disallow semua path untuk semua bot
BLOCKED_ROBOTS | Google News — Alat Berat Bekas | robots.txt: Disallow semua path untuk semua bot
BLOCKED_ROBOTS | Google News — Crowdfunding | robots.txt: Disallow semua path untuk semua bot
BLOCKED_ROBOTS | Google News — Properti Komersial | robots.txt: Disallow semua path untuk semua bot
BLOCKED_ROBOTS | Google News — Deposito Bunga Tinggi | robots.txt: Disallow semua path untuk semua bot

[AUDIT 29 Jun 2026 22:09]
BLOCKED_ROBOTS | Google News — Tender Bandung | robots.txt: Disallow semua path untuk semua bot
BLOCKED_ROBOTS | Google News — Tender Surabaya | robots.txt: Disallow semua path untuk semua bot
BLOCKED_ROBOTS | Google News — Tender Semarang | robots.txt: Disallow semua path untuk semua bot
BLOCKED_ROBOTS | Google News — Tender Medan | robots.txt: Disallow semua path untuk semua bot
BLOCKED_ROBOTS | Google News — Tender Makassar | robots.txt: Disallow semua path untuk semua bot
BLOCKED_ROBOTS | Google News — Tender Yogyakarta | robots.txt: Disallow semua path untuk semua bot
BLOCKED_ROBOTS | Google News — Tender Bali | robots.txt: Disallow semua path untuk semua bot
BLOCKED_ROBOTS | Google News — Tender Kalimantan | robots.txt: Disallow semua path untuk semua bot
BLOCKED_ROBOTS | Google News — Tender Sulawesi | robots.txt: Disallow semua path untuk semua bot
BLOCKED_ROBOTS | Google News — Pengadaan 2025 | robots.txt: Disallow semua path untuk semua bot
BLOCKED_ROBOTS | Google News — Lelang Proyek | robots.txt: Disallow semua path untuk semua bot
BLOCKED_ROBOTS | Google News — Tender RS Pemerintah | robots.txt: Disallow semua path untuk semua bot
BLOCKED_ROBOTS | Google News — Tender Sekolah | robots.txt: Disallow semua path untuk semua bot
BLOCKED_ROBOTS | Google News — Loker Medan | robots.txt: Disallow semua path untuk semua bot
BLOCKED_ROBOTS | Google News — Loker Makassar | robots.txt: Disallow semua path untuk semua bot
BLOCKED_ROBOTS | Google News — Loker Semarang | robots.txt: Disallow semua path untuk semua bot
BLOCKED_ROBOTS | Google News — Loker Yogyakarta | robots.txt: Disallow semua path untuk semua bot
BLOCKED_ROBOTS | Google News — Loker Bali | robots.txt: Disallow semua path untuk semua bot
BLOCKED_ROBOTS | Google News — Rekrutmen TNI Polri | robots.txt: Disallow semua path untuk semua bot
BLOCKED_ROBOTS | Google News — Seleksi PPPK | robots.txt: Disallow semua path untuk semua bot
BLOCKED_ROBOTS | Google News — Loker Tambang Migas | robots.txt: Disallow semua path untuk semua bot
BLOCKED_ROBOTS | Google News — Loker Perbankan | robots.txt: Disallow semua path untuk semua bot
BLOCKED_ROBOTS | Google News — Loker Kesehatan | robots.txt: Disallow semua path untuk semua bot
BLOCKED_ROBOTS | Google News — Loker Pendidikan | robots.txt: Disallow semua path untuk semua bot
BLOCKED_ROBOTS | Google News — Loker Logistik | robots.txt: Disallow semua path untuk semua bot
BLOCKED_ROBOTS | Google News — Properti Bandung | robots.txt: Disallow semua path untuk semua bot
BLOCKED_ROBOTS | Google News — Properti Medan | robots.txt: Disallow semua path untuk semua bot
BLOCKED_ROBOTS | Google News — Properti Yogyakarta | robots.txt: Disallow semua path untuk semua bot
BLOCKED_ROBOTS | Google News — Tanah Bogor | robots.txt: Disallow semua path untuk semua bot
BLOCKED_ROBOTS | Google News — Ruko Bekasi | robots.txt: Disallow semua path untuk semua bot
BLOCKED_ROBOTS | Google News — Apartemen Jakarta | robots.txt: Disallow semua path untuk semua bot
BLOCKED_ROBOTS | Google News — Kavling Depok | robots.txt: Disallow semua path untuk semua bot
BLOCKED_ROBOTS | Google News — Properti Komersial Jakarta | robots.txt: Disallow semua path untuk semua bot
BLOCKED_ROBOTS | Google News — Lelang Properti Bank 2025 | robots.txt: Disallow semua path untuk semua bot
BLOCKED_ROBOTS | Google News — Mobil Bekas Jakarta | robots.txt: Disallow semua path untuk semua bot
BLOCKED_ROBOTS | Google News — Motor Bekas Jakarta | robots.txt: Disallow semua path untuk semua bot
BLOCKED_ROBOTS | Google News — Bus Bekas | robots.txt: Disallow semua path untuk semua bot
BLOCKED_ROBOTS | Google News — Alat Berat Bekas | robots.txt: Disallow semua path untuk semua bot
BLOCKED_ROBOTS | Google News — Mobil Listrik Bekas | robots.txt: Disallow semua path untuk semua bot
BLOCKED_ROBOTS | Google News — Mobil Niaga Bekas | robots.txt: Disallow semua path untuk semua bot
BLOCKED_ROBOTS | Google News — Crowdfunding | robots.txt: Disallow semua path untuk semua bot
BLOCKED_ROBOTS | Google News — Deposito Bunga Tinggi | robots.txt: Disallow semua path untuk semua bot
BLOCKED_ROBOTS | Google News — Investasi Emas | robots.txt: Disallow semua path untuk semua bot
BLOCKED_ROBOTS | Google News — P2P Lending | robots.txt: Disallow semua path untuk semua bot
BLOCKED_ROBOTS | Google News — Franchise Murah | robots.txt: Disallow semua path untuk semua bot
BLOCKED_ROBOTS | Google News — Bisnis Online 2025 | robots.txt: Disallow semua path untuk semua bot
BLOCKED_ROBOTS | Google News — Peluang Ekspor | robots.txt: Disallow semua path untuk semua bot
BLOCKED_ROBOTS | Google News — Agen Resmi | robots.txt: Disallow semua path untuk semua bot

[AUDIT 29 Jun 2026 22:09]
BLOCKED_ROBOTS | Google News — Tender Bandung | robots.txt: Disallow semua path untuk semua bot
BLOCKED_ROBOTS | Google News — Tender Surabaya | robots.txt: Disallow semua path untuk semua bot
BLOCKED_ROBOTS | Google News — Tender Semarang | robots.txt: Disallow semua path untuk semua bot
BLOCKED_ROBOTS | Google News — Tender Medan | robots.txt: Disallow semua path untuk semua bot
BLOCKED_ROBOTS | Google News — Tender Makassar | robots.txt: Disallow semua path untuk semua bot
BLOCKED_ROBOTS | Google News — Tender Yogyakarta | robots.txt: Disallow semua path untuk semua bot
BLOCKED_ROBOTS | Google News — Tender Bali | robots.txt: Disallow semua path untuk semua bot
BLOCKED_ROBOTS | Google News — Tender Kalimantan | robots.txt: Disallow semua path untuk semua bot
BLOCKED_ROBOTS | Google News — Tender Sulawesi | robots.txt: Disallow semua path untuk semua bot
BLOCKED_ROBOTS | Google News — Pengadaan 2025 | robots.txt: Disallow semua path untuk semua bot
BLOCKED_ROBOTS | Google News — Lelang Proyek | robots.txt: Disallow semua path untuk semua bot
BLOCKED_ROBOTS | Google News — Tender RS Pemerintah | robots.txt: Disallow semua path untuk semua bot
BLOCKED_ROBOTS | Google News — Tender Sekolah | robots.txt: Disallow semua path untuk semua bot
BLOCKED_ROBOTS | Google News — Loker Medan | robots.txt: Disallow semua path untuk semua bot
BLOCKED_ROBOTS | Google News — Loker Makassar | robots.txt: Disallow semua path untuk semua bot
BLOCKED_ROBOTS | Google News — Loker Semarang | robots.txt: Disallow semua path untuk semua bot
BLOCKED_ROBOTS | Google News — Loker Yogyakarta | robots.txt: Disallow semua path untuk semua bot
BLOCKED_ROBOTS | Google News — Loker Bali | robots.txt: Disallow semua path untuk semua bot
BLOCKED_ROBOTS | Google News — Rekrutmen TNI Polri | robots.txt: Disallow semua path untuk semua bot
BLOCKED_ROBOTS | Google News — Seleksi PPPK | robots.txt: Disallow semua path untuk semua bot
BLOCKED_ROBOTS | Google News — Loker Tambang Migas | robots.txt: Disallow semua path untuk semua bot
BLOCKED_ROBOTS | Google News — Loker Perbankan | robots.txt: Disallow semua path untuk semua bot
BLOCKED_ROBOTS | Google News — Loker Kesehatan | robots.txt: Disallow semua path untuk semua bot
BLOCKED_ROBOTS | Google News — Loker Pendidikan | robots.txt: Disallow semua path untuk semua bot
BLOCKED_ROBOTS | Google News — Loker Logistik | robots.txt: Disallow semua path untuk semua bot
BLOCKED_ROBOTS | Google News — Properti Bandung | robots.txt: Disallow semua path untuk semua bot
BLOCKED_ROBOTS | Google News — Properti Medan | robots.txt: Disallow semua path untuk semua bot
BLOCKED_ROBOTS | Google News — Properti Yogyakarta | robots.txt: Disallow semua path untuk semua bot
BLOCKED_ROBOTS | Google News — Tanah Bogor | robots.txt: Disallow semua path untuk semua bot
BLOCKED_ROBOTS | Google News — Ruko Bekasi | robots.txt: Disallow semua path untuk semua bot
BLOCKED_ROBOTS | Google News — Apartemen Jakarta | robots.txt: Disallow semua path untuk semua bot
BLOCKED_ROBOTS | Google News — Kavling Depok | robots.txt: Disallow semua path untuk semua bot
BLOCKED_ROBOTS | Google News — Properti Komersial Jakarta | robots.txt: Disallow semua path untuk semua bot
BLOCKED_ROBOTS | Google News — Lelang Properti Bank 2025 | robots.txt: Disallow semua path untuk semua bot
BLOCKED_ROBOTS | Google News — Mobil Bekas Jakarta | robots.txt: Disallow semua path untuk semua bot
BLOCKED_ROBOTS | Google News — Motor Bekas Jakarta | robots.txt: Disallow semua path untuk semua bot
BLOCKED_ROBOTS | Google News — Bus Bekas | robots.txt: Disallow semua path untuk semua bot
BLOCKED_ROBOTS | Google News — Alat Berat Bekas | robots.txt: Disallow semua path untuk semua bot
BLOCKED_ROBOTS | Google News — Mobil Listrik Bekas | robots.txt: Disallow semua path untuk semua bot
BLOCKED_ROBOTS | Google News — Mobil Niaga Bekas | robots.txt: Disallow semua path untuk semua bot
BLOCKED_ROBOTS | Google News — Crowdfunding | robots.txt: Disallow semua path untuk semua bot
BLOCKED_ROBOTS | Google News — Deposito Bunga Tinggi | robots.txt: Disallow semua path untuk semua bot
BLOCKED_ROBOTS | Google News — Investasi Emas | robots.txt: Disallow semua path untuk semua bot
BLOCKED_ROBOTS | Google News — P2P Lending | robots.txt: Disallow semua path untuk semua bot
BLOCKED_ROBOTS | Google News — Franchise Murah | robots.txt: Disallow semua path untuk semua bot
BLOCKED_ROBOTS | Google News — Bisnis Online 2025 | robots.txt: Disallow semua path untuk semua bot
BLOCKED_ROBOTS | Google News — Peluang Ekspor | robots.txt: Disallow semua path untuk semua bot
BLOCKED_ROBOTS | Google News — Agen Resmi | robots.txt: Disallow semua path untuk semua bot

[AUDIT 29 Jun 2026 22:10]
INVALID_RSS | Google News — Tender Bandung | XML parse error: no element found: line 1, column 8191
INVALID_RSS | Google News — Tender Surabaya | XML parse error: unclosed token: line 1, column 8188
INVALID_RSS | Google News — Tender Semarang | XML parse error: no element found: line 1, column 8191
INVALID_RSS | Google News — Tender Medan | XML parse error: no element found: line 1, column 8191
INVALID_RSS | Google News — Tender Makassar | XML parse error: no element found: line 1, column 8191
INVALID_RSS | Google News — Tender Yogyakarta | XML parse error: unclosed token: line 1, column 8186
INVALID_RSS | Google News — Tender Bali | XML parse error: unclosed token: line 1, column 8174
INVALID_RSS | Google News — Tender Kalimantan | XML parse error: no element found: line 1, column 8187
INVALID_RSS | Google News — Tender Sulawesi | XML parse error: unclosed token: line 1, column 8182
INVALID_RSS | Google News — Pengadaan 2025 | XML parse error: no element found: line 1, column 8191
INVALID_RSS | Google News — Lelang Proyek | XML parse error: no element found: line 1, column 8191
INVALID_RSS | Google News — Tender RS Pemerintah | XML parse error: no element found: line 1, column 8191
INVALID_RSS | Google News — Tender Sekolah | XML parse error: no element found: line 1, column 8191
INVALID_RSS | Google News — Loker Medan | XML parse error: no element found: line 1, column 8153
INVALID_RSS | Google News — Loker Makassar | XML parse error: no element found: line 1, column 8191
INVALID_RSS | Google News — Loker Semarang | XML parse error: no element found: line 1, column 8191
INVALID_RSS | Google News — Loker Yogyakarta | XML parse error: no element found: line 1, column 8191
INVALID_RSS | Google News — Loker Bali | XML parse error: no element found: line 1, column 8191
INVALID_RSS | Google News — Rekrutmen TNI Polri | XML parse error: no element found: line 1, column 8191
INVALID_RSS | Google News — Seleksi PPPK | XML parse error: no element found: line 1, column 8189
INVALID_RSS | Google News — Loker Tambang Migas | XML parse error: no element found: line 1, column 8191
INVALID_RSS | Google News — Loker Perbankan | XML parse error: no element found: line 1, column 8191
INVALID_RSS | Google News — Loker Kesehatan | XML parse error: no element found: line 1, column 8191
INVALID_RSS | Google News — Loker Pendidikan | XML parse error: no element found: line 1, column 8191
INVALID_RSS | Google News — Loker Logistik | XML parse error: no element found: line 1, column 8191
INVALID_RSS | Google News — Properti Bandung | XML parse error: no element found: line 1, column 8191
INVALID_RSS | Google News — Properti Medan | XML parse error: no element found: line 1, column 8191
INVALID_RSS | Google News — Properti Yogyakarta | XML parse error: no element found: line 1, column 8189
INVALID_RSS | Google News — Tanah Bogor | XML parse error: no element found: line 1, column 8191
INVALID_RSS | Google News — Ruko Bekasi | XML parse error: no element found: line 1, column 8191
INVALID_RSS | Google News — Apartemen Jakarta | XML parse error: no element found: line 1, column 8191
INVALID_RSS | Google News — Kavling Depok | XML parse error: no element found: line 1, column 8191
INVALID_RSS | Google News — Properti Komersial Jakarta | XML parse error: no element found: line 1, column 8191
INVALID_RSS | Google News — Lelang Properti Bank 2025 | XML parse error: no element found: line 1, column 8191
INVALID_RSS | Google News — Mobil Bekas Jakarta | XML parse error: no element found: line 1, column 8191
INVALID_RSS | Google News — Motor Bekas Jakarta | XML parse error: unclosed token: line 1, column 8188
INVALID_RSS | Google News — Bus Bekas | XML parse error: no element found: line 1, column 8191
INVALID_RSS | Google News — Alat Berat Bekas | XML parse error: no element found: line 1, column 8191
INVALID_RSS | Google News — Mobil Listrik Bekas | XML parse error: no element found: line 1, column 8191
INVALID_RSS | Google News — Mobil Niaga Bekas | XML parse error: no element found: line 1, column 8191
INVALID_RSS | Google News — Crowdfunding | XML parse error: no element found: line 1, column 8191
INVALID_RSS | Google News — Deposito Bunga Tinggi | XML parse error: no element found: line 1, column 8187
INVALID_RSS | Google News — Investasi Emas | XML parse error: no element found: line 1, column 8191
INVALID_RSS | Google News — P2P Lending | XML parse error: no element found: line 1, column 8191
INVALID_RSS | Google News — Franchise Murah | XML parse error: no element found: line 1, column 8191
INVALID_RSS | Google News — Bisnis Online 2025 | XML parse error: no element found: line 1, column 8191
INVALID_RSS | Google News — Peluang Ekspor | XML parse error: no element found: line 1, column 8191
INVALID_RSS | Google News — Agen Resmi | XML parse error: no element found: line 1, column 8191

[AUDIT 29 Jun 2026 22:12]
ADDED | Google News — Tender Bandung | robots.txt: domain whitelist (news.google.com) | ToS: domain whitelist (news.google.com) | RSS valid, 5 item ditemukan
ADDED | Google News — Tender Surabaya | robots.txt: domain whitelist (news.google.com) | ToS: domain whitelist (news.google.com) | RSS valid, 4 item ditemukan
ADDED | Google News — Tender Semarang | robots.txt: domain whitelist (news.google.com) | ToS: domain whitelist (news.google.com) | RSS valid, 5 item ditemukan
ADDED | Google News — Tender Medan | robots.txt: domain whitelist (news.google.com) | ToS: domain whitelist (news.google.com) | RSS valid, 6 item ditemukan
ADDED | Google News — Tender Makassar | robots.txt: domain whitelist (news.google.com) | ToS: domain whitelist (news.google.com) | RSS valid, 4 item ditemukan
ADDED | Google News — Tender Yogyakarta | robots.txt: domain whitelist (news.google.com) | ToS: domain whitelist (news.google.com) | RSS valid, 5 item ditemukan
ADDED | Google News — Tender Bali | robots.txt: domain whitelist (news.google.com) | ToS: domain whitelist (news.google.com) | RSS valid, 5 item ditemukan
ADDED | Google News — Tender Kalimantan | robots.txt: domain whitelist (news.google.com) | ToS: domain whitelist (news.google.com) | RSS valid, 6 item ditemukan
ADDED | Google News — Tender Sulawesi | robots.txt: domain whitelist (news.google.com) | ToS: domain whitelist (news.google.com) | RSS valid, 6 item ditemukan
ADDED | Google News — Pengadaan 2025 | robots.txt: domain whitelist (news.google.com) | ToS: domain whitelist (news.google.com) | RSS valid, 6 item ditemukan
ADDED | Google News — Lelang Proyek | robots.txt: domain whitelist (news.google.com) | ToS: domain whitelist (news.google.com) | RSS valid, 5 item ditemukan
ADDED | Google News — Tender RS Pemerintah | robots.txt: domain whitelist (news.google.com) | ToS: domain whitelist (news.google.com) | RSS valid, 6 item ditemukan
ADDED | Google News — Tender Sekolah | robots.txt: domain whitelist (news.google.com) | ToS: domain whitelist (news.google.com) | RSS valid, 4 item ditemukan
ADDED | Google News — Loker Medan | robots.txt: domain whitelist (news.google.com) | ToS: domain whitelist (news.google.com) | RSS valid, 5 item ditemukan
ADDED | Google News — Loker Makassar | robots.txt: domain whitelist (news.google.com) | ToS: domain whitelist (news.google.com) | RSS valid, 5 item ditemukan
ADDED | Google News — Loker Semarang | robots.txt: domain whitelist (news.google.com) | ToS: domain whitelist (news.google.com) | RSS valid, 6 item ditemukan
ADDED | Google News — Loker Yogyakarta | robots.txt: domain whitelist (news.google.com) | ToS: domain whitelist (news.google.com) | RSS valid, 5 item ditemukan
ADDED | Google News — Loker Bali | robots.txt: domain whitelist (news.google.com) | ToS: domain whitelist (news.google.com) | RSS valid, 4 item ditemukan
ADDED | Google News — Rekrutmen TNI Polri | robots.txt: domain whitelist (news.google.com) | ToS: domain whitelist (news.google.com) | RSS valid, 5 item ditemukan
ADDED | Google News — Seleksi PPPK | robots.txt: domain whitelist (news.google.com) | ToS: domain whitelist (news.google.com) | RSS valid, 6 item ditemukan
ADDED | Google News — Loker Tambang Migas | robots.txt: domain whitelist (news.google.com) | ToS: domain whitelist (news.google.com) | RSS valid, 5 item ditemukan
ADDED | Google News — Loker Perbankan | robots.txt: domain whitelist (news.google.com) | ToS: domain whitelist (news.google.com) | RSS valid, 5 item ditemukan
ADDED | Google News — Loker Kesehatan | robots.txt: domain whitelist (news.google.com) | ToS: domain whitelist (news.google.com) | RSS valid, 5 item ditemukan
ADDED | Google News — Loker Pendidikan | robots.txt: domain whitelist (news.google.com) | ToS: domain whitelist (news.google.com) | RSS valid, 5 item ditemukan
ADDED | Google News — Loker Logistik | robots.txt: domain whitelist (news.google.com) | ToS: domain whitelist (news.google.com) | RSS valid, 5 item ditemukan
ADDED | Google News — Properti Bandung | robots.txt: domain whitelist (news.google.com) | ToS: domain whitelist (news.google.com) | RSS valid, 5 item ditemukan
ADDED | Google News — Properti Medan | robots.txt: domain whitelist (news.google.com) | ToS: domain whitelist (news.google.com) | RSS valid, 6 item ditemukan
ADDED | Google News — Properti Yogyakarta | robots.txt: domain whitelist (news.google.com) | ToS: domain whitelist (news.google.com) | RSS valid, 5 item ditemukan
ADDED | Google News — Tanah Bogor | robots.txt: domain whitelist (news.google.com) | ToS: domain whitelist (news.google.com) | RSS valid, 5 item ditemukan
ADDED | Google News — Ruko Bekasi | robots.txt: domain whitelist (news.google.com) | ToS: domain whitelist (news.google.com) | RSS valid, 5 item ditemukan
ADDED | Google News — Apartemen Jakarta | robots.txt: domain whitelist (news.google.com) | ToS: domain whitelist (news.google.com) | RSS valid, 5 item ditemukan
ADDED | Google News — Kavling Depok | robots.txt: domain whitelist (news.google.com) | ToS: domain whitelist (news.google.com) | RSS valid, 5 item ditemukan
ADDED | Google News — Properti Komersial Jakarta | robots.txt: domain whitelist (news.google.com) | ToS: domain whitelist (news.google.com) | RSS valid, 5 item ditemukan
ADDED | Google News — Lelang Properti Bank 2025 | robots.txt: domain whitelist (news.google.com) | ToS: domain whitelist (news.google.com) | RSS valid, 6 item ditemukan
ADDED | Google News — Mobil Bekas Jakarta | robots.txt: domain whitelist (news.google.com) | ToS: domain whitelist (news.google.com) | RSS valid, 6 item ditemukan
ADDED | Google News — Motor Bekas Jakarta | robots.txt: domain whitelist (news.google.com) | ToS: domain whitelist (news.google.com) | RSS valid, 5 item ditemukan
ADDED | Google News — Bus Bekas | robots.txt: domain whitelist (news.google.com) | ToS: domain whitelist (news.google.com) | RSS valid, 4 item ditemukan
ADDED | Google News — Alat Berat Bekas | robots.txt: domain whitelist (news.google.com) | ToS: domain whitelist (news.google.com) | RSS valid, 6 item ditemukan
ADDED | Google News — Mobil Listrik Bekas | robots.txt: domain whitelist (news.google.com) | ToS: domain whitelist (news.google.com) | RSS valid, 4 item ditemukan
ADDED | Google News — Mobil Niaga Bekas | robots.txt: domain whitelist (news.google.com) | ToS: domain whitelist (news.google.com) | RSS valid, 6 item ditemukan
ADDED | Google News — Crowdfunding | robots.txt: domain whitelist (news.google.com) | ToS: domain whitelist (news.google.com) | RSS valid, 6 item ditemukan
ADDED | Google News — Deposito Bunga Tinggi | robots.txt: domain whitelist (news.google.com) | ToS: domain whitelist (news.google.com) | RSS valid, 6 item ditemukan
ADDED | Google News — Investasi Emas | robots.txt: domain whitelist (news.google.com) | ToS: domain whitelist (news.google.com) | RSS valid, 5 item ditemukan
ADDED | Google News — P2P Lending | robots.txt: domain whitelist (news.google.com) | ToS: domain whitelist (news.google.com) | RSS valid, 6 item ditemukan
ADDED | Google News — Franchise Murah | robots.txt: domain whitelist (news.google.com) | ToS: domain whitelist (news.google.com) | RSS valid, 6 item ditemukan
ADDED | Google News — Bisnis Online 2025 | robots.txt: domain whitelist (news.google.com) | ToS: domain whitelist (news.google.com) | RSS valid, 6 item ditemukan
ADDED | Google News — Peluang Ekspor | robots.txt: domain whitelist (news.google.com) | ToS: domain whitelist (news.google.com) | RSS valid, 5 item ditemukan
ADDED | Google News — Agen Resmi | robots.txt: domain whitelist (news.google.com) | ToS: domain whitelist (news.google.com) | RSS valid, 6 item ditemukan

[AUDIT 29 Jun 2026 22:42]
SKIP | Google News — Tender Bandung | sudah terdaftar
SKIP | Google News — Tender Surabaya | sudah terdaftar
SKIP | Google News — Tender Semarang | sudah terdaftar
SKIP | Google News — Tender Medan | sudah terdaftar
SKIP | Google News — Tender Makassar | sudah terdaftar
SKIP | Google News — Tender Yogyakarta | sudah terdaftar
SKIP | Google News — Tender Bali | sudah terdaftar
SKIP | Google News — Tender Kalimantan | sudah terdaftar
SKIP | Google News — Tender Sulawesi | sudah terdaftar
SKIP | Google News — Pengadaan 2025 | sudah terdaftar
SKIP | Google News — Lelang Proyek | sudah terdaftar
SKIP | Google News — Tender RS Pemerintah | sudah terdaftar
SKIP | Google News — Tender Sekolah | sudah terdaftar
SKIP | Google News — Loker Medan | sudah terdaftar
SKIP | Google News — Loker Makassar | sudah terdaftar
SKIP | Google News — Loker Semarang | sudah terdaftar
SKIP | Google News — Loker Yogyakarta | sudah terdaftar
SKIP | Google News — Loker Bali | sudah terdaftar
SKIP | Google News — Rekrutmen TNI Polri | sudah terdaftar
SKIP | Google News — Seleksi PPPK | sudah terdaftar
SKIP | Google News — Loker Tambang Migas | sudah terdaftar
SKIP | Google News — Loker Perbankan | sudah terdaftar
SKIP | Google News — Loker Kesehatan | sudah terdaftar
SKIP | Google News — Loker Pendidikan | sudah terdaftar
SKIP | Google News — Loker Logistik | sudah terdaftar
SKIP | Google News — Properti Bandung | sudah terdaftar
SKIP | Google News — Properti Medan | sudah terdaftar
SKIP | Google News — Properti Yogyakarta | sudah terdaftar
SKIP | Google News — Tanah Bogor | sudah terdaftar
SKIP | Google News — Ruko Bekasi | sudah terdaftar
SKIP | Google News — Apartemen Jakarta | sudah terdaftar
SKIP | Google News — Kavling Depok | sudah terdaftar
SKIP | Google News — Properti Komersial Jakarta | sudah terdaftar
SKIP | Google News — Lelang Properti Bank 2025 | sudah terdaftar
SKIP | Google News — Mobil Bekas Jakarta | sudah terdaftar
SKIP | Google News — Motor Bekas Jakarta | sudah terdaftar
SKIP | Google News — Bus Bekas | sudah terdaftar
SKIP | Google News — Alat Berat Bekas | sudah terdaftar
SKIP | Google News — Mobil Listrik Bekas | sudah terdaftar
SKIP | Google News — Mobil Niaga Bekas | sudah terdaftar
SKIP | Google News — Crowdfunding | sudah terdaftar
SKIP | Google News — Deposito Bunga Tinggi | sudah terdaftar
SKIP | Google News — Investasi Emas | sudah terdaftar
SKIP | Google News — P2P Lending | sudah terdaftar
SKIP | Google News — Franchise Murah | sudah terdaftar
SKIP | Google News — Bisnis Online 2025 | sudah terdaftar
SKIP | Google News — Peluang Ekspor | sudah terdaftar
SKIP | Google News — Agen Resmi | sudah terdaftar
SKIP | Google News — Tender Palembang | sudah terdaftar
SKIP | Google News — Lelang Palembang | sudah terdaftar
SKIP | Google News — Tender Pekanbaru | sudah terdaftar
SKIP | Google News — Lelang Pekanbaru | sudah terdaftar
SKIP | Google News — Tender Balikpapan | sudah terdaftar
SKIP | Google News — Lelang Balikpapan | sudah terdaftar
SKIP | Google News — Tender Samarinda | sudah terdaftar
SKIP | Google News — Lelang Samarinda | sudah terdaftar
SKIP | Google News — Tender Manado | sudah terdaftar
SKIP | Google News — Lelang Manado | sudah terdaftar
SKIP | Google News — Tender Padang | sudah terdaftar
SKIP | Google News — Lelang Padang | sudah terdaftar
SKIP | Google News — Tender Banjarmasin | sudah terdaftar
SKIP | Google News — Lelang Banjarmasin | sudah terdaftar
SKIP | Google News — Tender Pontianak | sudah terdaftar
ADDED | Google News — Lelang Pontianak | robots.txt: domain whitelist (news.google.com) | ToS: domain whitelist (news.google.com) | RSS valid, 4 item ditemukan
ADDED | Google News — Tender Jambi | robots.txt: domain whitelist (news.google.com) | ToS: domain whitelist (news.google.com) | RSS valid, 6 item ditemukan
ADDED | Google News — Lelang Jambi | robots.txt: domain whitelist (news.google.com) | ToS: domain whitelist (news.google.com) | RSS valid, 5 item ditemukan
ADDED | Google News — Tender Mataram | robots.txt: domain whitelist (news.google.com) | ToS: domain whitelist (news.google.com) | RSS valid, 6 item ditemukan
ADDED | Google News — Lelang Mataram | robots.txt: domain whitelist (news.google.com) | ToS: domain whitelist (news.google.com) | RSS valid, 6 item ditemukan
ADDED | Google News — Tender Kupang | robots.txt: domain whitelist (news.google.com) | ToS: domain whitelist (news.google.com) | RSS valid, 5 item ditemukan
ADDED | Google News — Lelang Kupang | robots.txt: domain whitelist (news.google.com) | ToS: domain whitelist (news.google.com) | RSS valid, 5 item ditemukan
ADDED | Google News — Tender Ambon | robots.txt: domain whitelist (news.google.com) | ToS: domain whitelist (news.google.com) | RSS valid, 5 item ditemukan
ADDED | Google News — Lelang Ambon | robots.txt: domain whitelist (news.google.com) | ToS: domain whitelist (news.google.com) | RSS valid, 6 item ditemukan
ADDED | Google News — Tender Jayapura | robots.txt: domain whitelist (news.google.com) | ToS: domain whitelist (news.google.com) | RSS valid, 5 item ditemukan
ADDED | Google News — Lelang Jayapura | robots.txt: domain whitelist (news.google.com) | ToS: domain whitelist (news.google.com) | RSS valid, 6 item ditemukan
ADDED | Google News — Tender Batam | robots.txt: domain whitelist (news.google.com) | ToS: domain whitelist (news.google.com) | RSS valid, 5 item ditemukan
ADDED | Google News — Lelang Batam | robots.txt: domain whitelist (news.google.com) | ToS: domain whitelist (news.google.com) | RSS valid, 5 item ditemukan
ADDED | Google News — Tender Lampung | robots.txt: domain whitelist (news.google.com) | ToS: domain whitelist (news.google.com) | RSS valid, 5 item ditemukan
ADDED | Google News — Lelang Lampung | robots.txt: domain whitelist (news.google.com) | ToS: domain whitelist (news.google.com) | RSS valid, 6 item ditemukan
ADDED | Google News — Tender Palu | robots.txt: domain whitelist (news.google.com) | ToS: domain whitelist (news.google.com) | RSS valid, 6 item ditemukan
ADDED | Google News — Lelang Palu | robots.txt: domain whitelist (news.google.com) | ToS: domain whitelist (news.google.com) | RSS valid, 5 item ditemukan
ADDED | Google News — Tender Ternate | robots.txt: domain whitelist (news.google.com) | ToS: domain whitelist (news.google.com) | RSS valid, 6 item ditemukan
ADDED | Google News — Lelang Ternate | robots.txt: domain whitelist (news.google.com) | ToS: domain whitelist (news.google.com) | RSS valid, 5 item ditemukan
ADDED | Google News — Tender Sorong | robots.txt: domain whitelist (news.google.com) | ToS: domain whitelist (news.google.com) | RSS valid, 5 item ditemukan
ADDED | Google News — Lelang Sorong | robots.txt: domain whitelist (news.google.com) | ToS: domain whitelist (news.google.com) | RSS valid, 6 item ditemukan
ADDED | Google News — Tender Kendari | robots.txt: domain whitelist (news.google.com) | ToS: domain whitelist (news.google.com) | RSS valid, 5 item ditemukan
ADDED | Google News — Lelang Kendari | robots.txt: domain whitelist (news.google.com) | ToS: domain whitelist (news.google.com) | RSS valid, 4 item ditemukan
ADDED | Google News — Tender Gorontalo | robots.txt: domain whitelist (news.google.com) | ToS: domain whitelist (news.google.com) | RSS valid, 5 item ditemukan
ADDED | Google News — Lelang Gorontalo | robots.txt: domain whitelist (news.google.com) | ToS: domain whitelist (news.google.com) | RSS valid, 5 item ditemukan
ADDED | Google News — Tender IT Pemerintah | robots.txt: domain whitelist (news.google.com) | ToS: domain whitelist (news.google.com) | RSS valid, 6 item ditemukan
ADDED | Google News — Tender Konstruksi Jalan | robots.txt: domain whitelist (news.google.com) | ToS: domain whitelist (news.google.com) | RSS valid, 5 item ditemukan
ADDED | Google News — Tender Alkes | robots.txt: domain whitelist (news.google.com) | ToS: domain whitelist (news.google.com) | RSS valid, 6 item ditemukan
ADDED | Google News — Pengadaan Seragam Dinas | robots.txt: domain whitelist (news.google.com) | ToS: domain whitelist (news.google.com) | RSS valid, 6 item ditemukan
ADDED | Google News — Tender MBG 2025 | robots.txt: domain whitelist (news.google.com) | ToS: domain whitelist (news.google.com) | RSS valid, 6 item ditemukan
SKIP | Google News — Properti Surabaya | sudah terdaftar
ADDED | Google News — Tanah Surabaya | robots.txt: domain whitelist (news.google.com) | ToS: domain whitelist (news.google.com) | RSS valid, 5 item ditemukan
SKIP | Google News — Properti Semarang | sudah terdaftar
ADDED | Google News — Tanah Semarang | robots.txt: domain whitelist (news.google.com) | ToS: domain whitelist (news.google.com) | RSS valid, 6 item ditemukan
ADDED | Google News — Properti Palembang | robots.txt: domain whitelist (news.google.com) | ToS: domain whitelist (news.google.com) | RSS valid, 6 item ditemukan
ADDED | Google News — Tanah Palembang | robots.txt: domain whitelist (news.google.com) | ToS: domain whitelist (news.google.com) | RSS valid, 6 item ditemukan
ADDED | Google News — Properti Balikpapan | robots.txt: domain whitelist (news.google.com) | ToS: domain whitelist (news.google.com) | RSS valid, 5 item ditemukan
ADDED | Google News — Tanah Balikpapan | robots.txt: domain whitelist (news.google.com) | ToS: domain whitelist (news.google.com) | RSS valid, 5 item ditemukan
ADDED | Google News — Properti Batam | robots.txt: domain whitelist (news.google.com) | ToS: domain whitelist (news.google.com) | RSS valid, 5 item ditemukan
ADDED | Google News — Tanah Batam | robots.txt: domain whitelist (news.google.com) | ToS: domain whitelist (news.google.com) | RSS valid, 5 item ditemukan
ADDED | Google News — Properti Tangerang | robots.txt: domain whitelist (news.google.com) | ToS: domain whitelist (news.google.com) | RSS valid, 5 item ditemukan
ADDED | Google News — Tanah Tangerang | robots.txt: domain whitelist (news.google.com) | ToS: domain whitelist (news.google.com) | RSS valid, 6 item ditemukan
ADDED | Google News — Properti Cikarang | robots.txt: domain whitelist (news.google.com) | ToS: domain whitelist (news.google.com) | RSS valid, 5 item ditemukan
ADDED | Google News — Tanah Cikarang | robots.txt: domain whitelist (news.google.com) | ToS: domain whitelist (news.google.com) | RSS valid, 5 item ditemukan
ADDED | Google News — Properti Karawang | robots.txt: domain whitelist (news.google.com) | ToS: domain whitelist (news.google.com) | RSS valid, 6 item ditemukan
ADDED | Google News — Tanah Karawang | robots.txt: domain whitelist (news.google.com) | ToS: domain whitelist (news.google.com) | RSS valid, 5 item ditemukan
ADDED | Google News — Properti Malang | robots.txt: domain whitelist (news.google.com) | ToS: domain whitelist (news.google.com) | RSS valid, 5 item ditemukan
ADDED | Google News — Tanah Malang | robots.txt: domain whitelist (news.google.com) | ToS: domain whitelist (news.google.com) | RSS valid, 4 item ditemukan
ADDED | Google News — Properti Denpasar | robots.txt: domain whitelist (news.google.com) | ToS: domain whitelist (news.google.com) | RSS valid, 6 item ditemukan
ADDED | Google News — Tanah Denpasar | robots.txt: domain whitelist (news.google.com) | ToS: domain whitelist (news.google.com) | RSS valid, 5 item ditemukan
ADDED | Google News — Lelang Rumah BTN | robots.txt: domain whitelist (news.google.com) | ToS: domain whitelist (news.google.com) | RSS valid, 5 item ditemukan
SKIP | Google News — KPR FLPP 2025 | sudah terdaftar
ADDED | Google News — Rumah di Bawah 500 Juta | robots.txt: domain whitelist (news.google.com) | ToS: domain whitelist (news.google.com) | RSS valid, 5 item ditemukan
ADDED | Google News — Properti Pinggir Tol | robots.txt: domain whitelist (news.google.com) | ToS: domain whitelist (news.google.com) | RSS valid, 5 item ditemukan
SKIP | Google News — Motor Bekas Murah | sudah terdaftar
ADDED | Google News — Lelang Kendaraan Dinas | robots.txt: domain whitelist (news.google.com) | ToS: domain whitelist (news.google.com) | RSS valid, 5 item ditemukan
ADDED | Google News — Truk Bekas | robots.txt: domain whitelist (news.google.com) | ToS: domain whitelist (news.google.com) | RSS valid, 5 item ditemukan
ADDED | Google News — Bus Bekas | robots.txt: domain whitelist (news.google.com) | ToS: domain whitelist (news.google.com) | RSS valid, 4 item ditemukan
ADDED | Google News — Pickup Bekas Murah | robots.txt: domain whitelist (news.google.com) | ToS: domain whitelist (news.google.com) | RSS valid, 6 item ditemukan
ADDED | Google News — Motor Listrik Murah | robots.txt: domain whitelist (news.google.com) | ToS: domain whitelist (news.google.com) | RSS valid, 5 item ditemukan
ADDED | Google News — Franchise Murah 2025 | robots.txt: domain whitelist (news.google.com) | ToS: domain whitelist (news.google.com) | RSS valid, 5 item ditemukan
ADDED | Google News — Usaha Modal Kecil | robots.txt: domain whitelist (news.google.com) | ToS: domain whitelist (news.google.com) | RSS valid, 5 item ditemukan
ADDED | Google News — Distributor FMCG | robots.txt: domain whitelist (news.google.com) | ToS: domain whitelist (news.google.com) | RSS valid, 6 item ditemukan
ADDED | Google News — UMKM Pemerintah | robots.txt: domain whitelist (news.google.com) | ToS: domain whitelist (news.google.com) | RSS valid, 6 item ditemukan
ADDED | Google News — Agen Tunggal | robots.txt: domain whitelist (news.google.com) | ToS: domain whitelist (news.google.com) | RSS valid, 5 item ditemukan
ADDED | Google News — Dropship 2025 | robots.txt: domain whitelist (news.google.com) | ToS: domain whitelist (news.google.com) | RSS valid, 6 item ditemukan
ADDED | Google News — Ekspor UMKM | robots.txt: domain whitelist (news.google.com) | ToS: domain whitelist (news.google.com) | RSS valid, 5 item ditemukan
ADDED | Google News — ORI 2025 | robots.txt: domain whitelist (news.google.com) | ToS: domain whitelist (news.google.com) | RSS valid, 6 item ditemukan
ADDED | Google News — IPO Saham 2025 | robots.txt: domain whitelist (news.google.com) | ToS: domain whitelist (news.google.com) | RSS valid, 7 item ditemukan
ADDED | Google News — Reksa Dana Terbaik | robots.txt: domain whitelist (news.google.com) | ToS: domain whitelist (news.google.com) | RSS valid, 7 item ditemukan
ADDED | Google News — Deposito Bunga Tinggi | robots.txt: domain whitelist (news.google.com) | ToS: domain whitelist (news.google.com) | RSS valid, 6 item ditemukan
ADDED | Google News — P2P Lending OJK | robots.txt: domain whitelist (news.google.com) | ToS: domain whitelist (news.google.com) | RSS valid, 5 item ditemukan
ADDED | Google News — Sukuk Tabungan | robots.txt: domain whitelist (news.google.com) | ToS: domain whitelist (news.google.com) | RSS valid, 6 item ditemukan
ADDED | Google News — Saham Dividen IDX | robots.txt: domain whitelist (news.google.com) | ToS: domain whitelist (news.google.com) | RSS valid, 5 item ditemukan
ADDED | Google News — Loker Startup Tech | robots.txt: domain whitelist (news.google.com) | ToS: domain whitelist (news.google.com) | RSS valid, 5 item ditemukan
ADDED | Google News — Magang Berbayar 2025 | robots.txt: domain whitelist (news.google.com) | ToS: domain whitelist (news.google.com) | RSS valid, 5 item ditemukan
ADDED | Google News — Loker Kalimantan | robots.txt: domain whitelist (news.google.com) | ToS: domain whitelist (news.google.com) | RSS valid, 6 item ditemukan
ADDED | Google News — Loker Papua Sulawesi | robots.txt: domain whitelist (news.google.com) | ToS: domain whitelist (news.google.com) | RSS valid, 5 item ditemukan
ADDED | Google News — Rekrutmen BUMN | robots.txt: domain whitelist (news.google.com) | ToS: domain whitelist (news.google.com) | RSS valid, 6 item ditemukan
ADDED | Google News — Loker Remote WFH | robots.txt: domain whitelist (news.google.com) | ToS: domain whitelist (news.google.com) | RSS valid, 5 item ditemukan
ADDED | Google News — Freelance Proyek | robots.txt: domain whitelist (news.google.com) | ToS: domain whitelist (news.google.com) | RSS valid, 7 item ditemukan

[AUDIT 29 Jun 2026 22:46]
SKIP | Google News — Tender Bandung | sudah terdaftar
SKIP | Google News — Tender Surabaya | sudah terdaftar
SKIP | Google News — Tender Semarang | sudah terdaftar
SKIP | Google News — Tender Medan | sudah terdaftar
SKIP | Google News — Tender Makassar | sudah terdaftar
SKIP | Google News — Tender Yogyakarta | sudah terdaftar
SKIP | Google News — Tender Bali | sudah terdaftar
SKIP | Google News — Tender Kalimantan | sudah terdaftar
SKIP | Google News — Tender Sulawesi | sudah terdaftar
SKIP | Google News — Pengadaan 2025 | sudah terdaftar
SKIP | Google News — Lelang Proyek | sudah terdaftar
SKIP | Google News — Tender RS Pemerintah | sudah terdaftar
SKIP | Google News — Tender Sekolah | sudah terdaftar
SKIP | Google News — Loker Medan | sudah terdaftar
SKIP | Google News — Loker Makassar | sudah terdaftar
SKIP | Google News — Loker Semarang | sudah terdaftar
SKIP | Google News — Loker Yogyakarta | sudah terdaftar
SKIP | Google News — Loker Bali | sudah terdaftar
SKIP | Google News — Rekrutmen TNI Polri | sudah terdaftar
SKIP | Google News — Seleksi PPPK | sudah terdaftar
SKIP | Google News — Loker Tambang Migas | sudah terdaftar
SKIP | Google News — Loker Perbankan | sudah terdaftar
SKIP | Google News — Loker Kesehatan | sudah terdaftar
SKIP | Google News — Loker Pendidikan | sudah terdaftar
SKIP | Google News — Loker Logistik | sudah terdaftar
SKIP | Google News — Properti Bandung | sudah terdaftar
SKIP | Google News — Properti Medan | sudah terdaftar
SKIP | Google News — Properti Yogyakarta | sudah terdaftar
SKIP | Google News — Tanah Bogor | sudah terdaftar
SKIP | Google News — Ruko Bekasi | sudah terdaftar
SKIP | Google News — Apartemen Jakarta | sudah terdaftar
SKIP | Google News — Kavling Depok | sudah terdaftar
SKIP | Google News — Properti Komersial Jakarta | sudah terdaftar
SKIP | Google News — Lelang Properti Bank 2025 | sudah terdaftar
SKIP | Google News — Mobil Bekas Jakarta | sudah terdaftar
SKIP | Google News — Motor Bekas Jakarta | sudah terdaftar
SKIP | Google News — Bus Bekas | sudah terdaftar
SKIP | Google News — Alat Berat Bekas | sudah terdaftar
SKIP | Google News — Mobil Listrik Bekas | sudah terdaftar
SKIP | Google News — Mobil Niaga Bekas | sudah terdaftar
SKIP | Google News — Crowdfunding | sudah terdaftar
SKIP | Google News — Deposito Bunga Tinggi | sudah terdaftar
SKIP | Google News — Investasi Emas | sudah terdaftar
SKIP | Google News — P2P Lending | sudah terdaftar
SKIP | Google News — Franchise Murah | sudah terdaftar
SKIP | Google News — Bisnis Online 2025 | sudah terdaftar
SKIP | Google News — Peluang Ekspor | sudah terdaftar
SKIP | Google News — Agen Resmi | sudah terdaftar
SKIP | Google News — Tender Palembang | sudah terdaftar
SKIP | Google News — Lelang Palembang | sudah terdaftar
SKIP | Google News — Tender Pekanbaru | sudah terdaftar
SKIP | Google News — Lelang Pekanbaru | sudah terdaftar
SKIP | Google News — Tender Balikpapan | sudah terdaftar
SKIP | Google News — Lelang Balikpapan | sudah terdaftar
SKIP | Google News — Tender Samarinda | sudah terdaftar
SKIP | Google News — Lelang Samarinda | sudah terdaftar
SKIP | Google News — Tender Manado | sudah terdaftar
SKIP | Google News — Lelang Manado | sudah terdaftar
SKIP | Google News — Tender Padang | sudah terdaftar
SKIP | Google News — Lelang Padang | sudah terdaftar
SKIP | Google News — Tender Banjarmasin | sudah terdaftar
SKIP | Google News — Lelang Banjarmasin | sudah terdaftar
SKIP | Google News — Tender Pontianak | sudah terdaftar
SKIP | Google News — Lelang Pontianak | sudah terdaftar
SKIP | Google News — Tender Jambi | sudah terdaftar
SKIP | Google News — Lelang Jambi | sudah terdaftar
SKIP | Google News — Tender Mataram | sudah terdaftar
SKIP | Google News — Lelang Mataram | sudah terdaftar
SKIP | Google News — Tender Kupang | sudah terdaftar
SKIP | Google News — Lelang Kupang | sudah terdaftar
SKIP | Google News — Tender Ambon | sudah terdaftar
SKIP | Google News — Lelang Ambon | sudah terdaftar
SKIP | Google News — Tender Jayapura | sudah terdaftar
SKIP | Google News — Lelang Jayapura | sudah terdaftar
SKIP | Google News — Tender Batam | sudah terdaftar
SKIP | Google News — Lelang Batam | sudah terdaftar
SKIP | Google News — Tender Lampung | sudah terdaftar
SKIP | Google News — Lelang Lampung | sudah terdaftar
SKIP | Google News — Tender Palu | sudah terdaftar
SKIP | Google News — Lelang Palu | sudah terdaftar
SKIP | Google News — Tender Ternate | sudah terdaftar
SKIP | Google News — Lelang Ternate | sudah terdaftar
SKIP | Google News — Tender Sorong | sudah terdaftar
SKIP | Google News — Lelang Sorong | sudah terdaftar
SKIP | Google News — Tender Kendari | sudah terdaftar
SKIP | Google News — Lelang Kendari | sudah terdaftar
SKIP | Google News — Tender Gorontalo | sudah terdaftar
SKIP | Google News — Lelang Gorontalo | sudah terdaftar
SKIP | Google News — Tender IT Pemerintah | sudah terdaftar
SKIP | Google News — Tender Konstruksi Jalan | sudah terdaftar
SKIP | Google News — Tender Alkes | sudah terdaftar
SKIP | Google News — Pengadaan Seragam Dinas | sudah terdaftar
SKIP | Google News — Tender MBG 2025 | sudah terdaftar
SKIP | Google News — Properti Surabaya | sudah terdaftar
SKIP | Google News — Tanah Surabaya | sudah terdaftar
SKIP | Google News — Properti Semarang | sudah terdaftar
SKIP | Google News — Tanah Semarang | sudah terdaftar
SKIP | Google News — Properti Palembang | sudah terdaftar
SKIP | Google News — Tanah Palembang | sudah terdaftar
SKIP | Google News — Properti Balikpapan | sudah terdaftar
SKIP | Google News — Tanah Balikpapan | sudah terdaftar
SKIP | Google News — Properti Batam | sudah terdaftar
SKIP | Google News — Tanah Batam | sudah terdaftar
SKIP | Google News — Properti Tangerang | sudah terdaftar
SKIP | Google News — Tanah Tangerang | sudah terdaftar
SKIP | Google News — Properti Cikarang | sudah terdaftar
SKIP | Google News — Tanah Cikarang | sudah terdaftar
SKIP | Google News — Properti Karawang | sudah terdaftar
SKIP | Google News — Tanah Karawang | sudah terdaftar
SKIP | Google News — Properti Malang | sudah terdaftar
SKIP | Google News — Tanah Malang | sudah terdaftar
SKIP | Google News — Properti Denpasar | sudah terdaftar
SKIP | Google News — Tanah Denpasar | sudah terdaftar
SKIP | Google News — Lelang Rumah BTN | sudah terdaftar
SKIP | Google News — KPR FLPP 2025 | sudah terdaftar
SKIP | Google News — Rumah di Bawah 500 Juta | sudah terdaftar
SKIP | Google News — Properti Pinggir Tol | sudah terdaftar
SKIP | Google News — Motor Bekas Murah | sudah terdaftar
SKIP | Google News — Lelang Kendaraan Dinas | sudah terdaftar
SKIP | Google News — Truk Bekas | sudah terdaftar
SKIP | Google News — Bus Bekas | sudah terdaftar
SKIP | Google News — Pickup Bekas Murah | sudah terdaftar
SKIP | Google News — Motor Listrik Murah | sudah terdaftar
SKIP | Google News — Franchise Murah 2025 | sudah terdaftar
SKIP | Google News — Usaha Modal Kecil | sudah terdaftar
SKIP | Google News — Distributor FMCG | sudah terdaftar
SKIP | Google News — UMKM Pemerintah | sudah terdaftar
SKIP | Google News — Agen Tunggal | sudah terdaftar
SKIP | Google News — Dropship 2025 | sudah terdaftar
SKIP | Google News — Ekspor UMKM | sudah terdaftar
SKIP | Google News — ORI 2025 | sudah terdaftar
SKIP | Google News — IPO Saham 2025 | sudah terdaftar
SKIP | Google News — Reksa Dana Terbaik | sudah terdaftar
SKIP | Google News — Deposito Bunga Tinggi | sudah terdaftar
SKIP | Google News — P2P Lending OJK | sudah terdaftar
SKIP | Google News — Sukuk Tabungan | sudah terdaftar
SKIP | Google News — Saham Dividen IDX | sudah terdaftar
SKIP | Google News — Loker Startup Tech | sudah terdaftar
SKIP | Google News — Magang Berbayar 2025 | sudah terdaftar
SKIP | Google News — Loker Kalimantan | sudah terdaftar
SKIP | Google News — Loker Papua Sulawesi | sudah terdaftar
SKIP | Google News — Rekrutmen BUMN | sudah terdaftar
SKIP | Google News — Loker Remote WFH | sudah terdaftar
SKIP | Google News — Freelance Proyek | sudah terdaftar

[AUDIT 30 Jun 2026 00:00]
SKIP | Google News — Tender Bandung | sudah terdaftar
SKIP | Google News — Tender Surabaya | sudah terdaftar
SKIP | Google News — Tender Semarang | sudah terdaftar
SKIP | Google News — Tender Medan | sudah terdaftar
SKIP | Google News — Tender Makassar | sudah terdaftar
SKIP | Google News — Tender Yogyakarta | sudah terdaftar
SKIP | Google News — Tender Bali | sudah terdaftar
SKIP | Google News — Tender Kalimantan | sudah terdaftar
SKIP | Google News — Tender Sulawesi | sudah terdaftar
SKIP | Google News — Pengadaan 2025 | sudah terdaftar
SKIP | Google News — Lelang Proyek | sudah terdaftar
SKIP | Google News — Tender RS Pemerintah | sudah terdaftar
SKIP | Google News — Tender Sekolah | sudah terdaftar
SKIP | Google News — Loker Medan | sudah terdaftar
SKIP | Google News — Loker Makassar | sudah terdaftar
SKIP | Google News — Loker Semarang | sudah terdaftar
SKIP | Google News — Loker Yogyakarta | sudah terdaftar
SKIP | Google News — Loker Bali | sudah terdaftar
SKIP | Google News — Rekrutmen TNI Polri | sudah terdaftar
SKIP | Google News — Seleksi PPPK | sudah terdaftar
SKIP | Google News — Loker Tambang Migas | sudah terdaftar
SKIP | Google News — Loker Perbankan | sudah terdaftar
SKIP | Google News — Loker Kesehatan | sudah terdaftar
SKIP | Google News — Loker Pendidikan | sudah terdaftar
SKIP | Google News — Loker Logistik | sudah terdaftar
SKIP | Google News — Properti Bandung | sudah terdaftar
SKIP | Google News — Properti Medan | sudah terdaftar
SKIP | Google News — Properti Yogyakarta | sudah terdaftar
SKIP | Google News — Tanah Bogor | sudah terdaftar
SKIP | Google News — Ruko Bekasi | sudah terdaftar
SKIP | Google News — Apartemen Jakarta | sudah terdaftar
SKIP | Google News — Kavling Depok | sudah terdaftar
SKIP | Google News — Properti Komersial Jakarta | sudah terdaftar
SKIP | Google News — Lelang Properti Bank 2025 | sudah terdaftar
SKIP | Google News — Mobil Bekas Jakarta | sudah terdaftar
SKIP | Google News — Motor Bekas Jakarta | sudah terdaftar
SKIP | Google News — Bus Bekas | sudah terdaftar
SKIP | Google News — Alat Berat Bekas | sudah terdaftar
SKIP | Google News — Mobil Listrik Bekas | sudah terdaftar
SKIP | Google News — Mobil Niaga Bekas | sudah terdaftar
SKIP | Google News — Crowdfunding | sudah terdaftar
SKIP | Google News — Deposito Bunga Tinggi | sudah terdaftar
SKIP | Google News — Investasi Emas | sudah terdaftar
SKIP | Google News — P2P Lending | sudah terdaftar
SKIP | Google News — Franchise Murah | sudah terdaftar
SKIP | Google News — Bisnis Online 2025 | sudah terdaftar
SKIP | Google News — Peluang Ekspor | sudah terdaftar
SKIP | Google News — Agen Resmi | sudah terdaftar
SKIP | Google News — Tender Palembang | sudah terdaftar
SKIP | Google News — Lelang Palembang | sudah terdaftar
SKIP | Google News — Tender Pekanbaru | sudah terdaftar
SKIP | Google News — Lelang Pekanbaru | sudah terdaftar
SKIP | Google News — Tender Balikpapan | sudah terdaftar
SKIP | Google News — Lelang Balikpapan | sudah terdaftar
SKIP | Google News — Tender Samarinda | sudah terdaftar
SKIP | Google News — Lelang Samarinda | sudah terdaftar
SKIP | Google News — Tender Manado | sudah terdaftar
SKIP | Google News — Lelang Manado | sudah terdaftar
SKIP | Google News — Tender Padang | sudah terdaftar
SKIP | Google News — Lelang Padang | sudah terdaftar
SKIP | Google News — Tender Banjarmasin | sudah terdaftar
SKIP | Google News — Lelang Banjarmasin | sudah terdaftar
SKIP | Google News — Tender Pontianak | sudah terdaftar
SKIP | Google News — Lelang Pontianak | sudah terdaftar
SKIP | Google News — Tender Jambi | sudah terdaftar
SKIP | Google News — Lelang Jambi | sudah terdaftar
SKIP | Google News — Tender Mataram | sudah terdaftar
SKIP | Google News — Lelang Mataram | sudah terdaftar
SKIP | Google News — Tender Kupang | sudah terdaftar
SKIP | Google News — Lelang Kupang | sudah terdaftar
SKIP | Google News — Tender Ambon | sudah terdaftar
SKIP | Google News — Lelang Ambon | sudah terdaftar
SKIP | Google News — Tender Jayapura | sudah terdaftar
SKIP | Google News — Lelang Jayapura | sudah terdaftar
SKIP | Google News — Tender Batam | sudah terdaftar
SKIP | Google News — Lelang Batam | sudah terdaftar
SKIP | Google News — Tender Lampung | sudah terdaftar
SKIP | Google News — Lelang Lampung | sudah terdaftar
SKIP | Google News — Tender Palu | sudah terdaftar
SKIP | Google News — Lelang Palu | sudah terdaftar
SKIP | Google News — Tender Ternate | sudah terdaftar
SKIP | Google News — Lelang Ternate | sudah terdaftar
SKIP | Google News — Tender Sorong | sudah terdaftar
SKIP | Google News — Lelang Sorong | sudah terdaftar
SKIP | Google News — Tender Kendari | sudah terdaftar
SKIP | Google News — Lelang Kendari | sudah terdaftar
SKIP | Google News — Tender Gorontalo | sudah terdaftar
SKIP | Google News — Lelang Gorontalo | sudah terdaftar
SKIP | Google News — Tender IT Pemerintah | sudah terdaftar
SKIP | Google News — Tender Konstruksi Jalan | sudah terdaftar
SKIP | Google News — Tender Alkes | sudah terdaftar
SKIP | Google News — Pengadaan Seragam Dinas | sudah terdaftar
SKIP | Google News — Tender MBG 2025 | sudah terdaftar
SKIP | Google News — Properti Surabaya | sudah terdaftar
SKIP | Google News — Tanah Surabaya | sudah terdaftar
SKIP | Google News — Properti Semarang | sudah terdaftar
SKIP | Google News — Tanah Semarang | sudah terdaftar
SKIP | Google News — Properti Palembang | sudah terdaftar
SKIP | Google News — Tanah Palembang | sudah terdaftar
SKIP | Google News — Properti Balikpapan | sudah terdaftar
SKIP | Google News — Tanah Balikpapan | sudah terdaftar
SKIP | Google News — Properti Batam | sudah terdaftar
SKIP | Google News — Tanah Batam | sudah terdaftar
SKIP | Google News — Properti Tangerang | sudah terdaftar
SKIP | Google News — Tanah Tangerang | sudah terdaftar
SKIP | Google News — Properti Cikarang | sudah terdaftar
SKIP | Google News — Tanah Cikarang | sudah terdaftar
SKIP | Google News — Properti Karawang | sudah terdaftar
SKIP | Google News — Tanah Karawang | sudah terdaftar
SKIP | Google News — Properti Malang | sudah terdaftar
SKIP | Google News — Tanah Malang | sudah terdaftar
SKIP | Google News — Properti Denpasar | sudah terdaftar
SKIP | Google News — Tanah Denpasar | sudah terdaftar
SKIP | Google News — Lelang Rumah BTN | sudah terdaftar
SKIP | Google News — KPR FLPP 2025 | sudah terdaftar
SKIP | Google News — Rumah di Bawah 500 Juta | sudah terdaftar
SKIP | Google News — Properti Pinggir Tol | sudah terdaftar
SKIP | Google News — Motor Bekas Murah | sudah terdaftar
SKIP | Google News — Lelang Kendaraan Dinas | sudah terdaftar
SKIP | Google News — Truk Bekas | sudah terdaftar
SKIP | Google News — Bus Bekas | sudah terdaftar
SKIP | Google News — Pickup Bekas Murah | sudah terdaftar
SKIP | Google News — Motor Listrik Murah | sudah terdaftar
SKIP | Google News — Franchise Murah 2025 | sudah terdaftar
SKIP | Google News — Usaha Modal Kecil | sudah terdaftar
SKIP | Google News — Distributor FMCG | sudah terdaftar
SKIP | Google News — UMKM Pemerintah | sudah terdaftar
SKIP | Google News — Agen Tunggal | sudah terdaftar
SKIP | Google News — Dropship 2025 | sudah terdaftar
SKIP | Google News — Ekspor UMKM | sudah terdaftar
SKIP | Google News — ORI 2025 | sudah terdaftar
SKIP | Google News — IPO Saham 2025 | sudah terdaftar
SKIP | Google News — Reksa Dana Terbaik | sudah terdaftar
SKIP | Google News — Deposito Bunga Tinggi | sudah terdaftar
SKIP | Google News — P2P Lending OJK | sudah terdaftar
SKIP | Google News — Sukuk Tabungan | sudah terdaftar
SKIP | Google News — Saham Dividen IDX | sudah terdaftar
SKIP | Google News — Loker Startup Tech | sudah terdaftar
SKIP | Google News — Magang Berbayar 2025 | sudah terdaftar
SKIP | Google News — Loker Kalimantan | sudah terdaftar
SKIP | Google News — Loker Papua Sulawesi | sudah terdaftar
SKIP | Google News — Rekrutmen BUMN | sudah terdaftar
SKIP | Google News — Loker Remote WFH | sudah terdaftar
SKIP | Google News — Freelance Proyek | sudah terdaftar

[AUDIT 01 Jul 2026 00:00]
SKIP | Google News — Tender Bandung | sudah terdaftar
SKIP | Google News — Tender Surabaya | sudah terdaftar
SKIP | Google News — Tender Semarang | sudah terdaftar
SKIP | Google News — Tender Medan | sudah terdaftar
SKIP | Google News — Tender Makassar | sudah terdaftar
SKIP | Google News — Tender Yogyakarta | sudah terdaftar
SKIP | Google News — Tender Bali | sudah terdaftar
SKIP | Google News — Tender Kalimantan | sudah terdaftar
SKIP | Google News — Tender Sulawesi | sudah terdaftar
SKIP | Google News — Pengadaan 2025 | sudah terdaftar
SKIP | Google News — Lelang Proyek | sudah terdaftar
SKIP | Google News — Tender RS Pemerintah | sudah terdaftar
SKIP | Google News — Tender Sekolah | sudah terdaftar
SKIP | Google News — Loker Medan | sudah terdaftar
SKIP | Google News — Loker Makassar | sudah terdaftar
SKIP | Google News — Loker Semarang | sudah terdaftar
SKIP | Google News — Loker Yogyakarta | sudah terdaftar
SKIP | Google News — Loker Bali | sudah terdaftar
SKIP | Google News — Rekrutmen TNI Polri | sudah terdaftar
SKIP | Google News — Seleksi PPPK | sudah terdaftar
SKIP | Google News — Loker Tambang Migas | sudah terdaftar
SKIP | Google News — Loker Perbankan | sudah terdaftar
SKIP | Google News — Loker Kesehatan | sudah terdaftar
SKIP | Google News — Loker Pendidikan | sudah terdaftar
SKIP | Google News — Loker Logistik | sudah terdaftar
SKIP | Google News — Properti Bandung | sudah terdaftar
SKIP | Google News — Properti Medan | sudah terdaftar
SKIP | Google News — Properti Yogyakarta | sudah terdaftar
SKIP | Google News — Tanah Bogor | sudah terdaftar
SKIP | Google News — Ruko Bekasi | sudah terdaftar
SKIP | Google News — Apartemen Jakarta | sudah terdaftar
SKIP | Google News — Kavling Depok | sudah terdaftar
SKIP | Google News — Properti Komersial Jakarta | sudah terdaftar
SKIP | Google News — Lelang Properti Bank 2025 | sudah terdaftar
SKIP | Google News — Mobil Bekas Jakarta | sudah terdaftar
SKIP | Google News — Motor Bekas Jakarta | sudah terdaftar
SKIP | Google News — Bus Bekas | sudah terdaftar
SKIP | Google News — Alat Berat Bekas | sudah terdaftar
SKIP | Google News — Mobil Listrik Bekas | sudah terdaftar
SKIP | Google News — Mobil Niaga Bekas | sudah terdaftar
SKIP | Google News — Crowdfunding | sudah terdaftar
SKIP | Google News — Deposito Bunga Tinggi | sudah terdaftar
SKIP | Google News — Investasi Emas | sudah terdaftar
SKIP | Google News — P2P Lending | sudah terdaftar
SKIP | Google News — Franchise Murah | sudah terdaftar
SKIP | Google News — Bisnis Online 2025 | sudah terdaftar
SKIP | Google News — Peluang Ekspor | sudah terdaftar
SKIP | Google News — Agen Resmi | sudah terdaftar
SKIP | Google News — Tender Palembang | sudah terdaftar
SKIP | Google News — Lelang Palembang | sudah terdaftar
SKIP | Google News — Tender Pekanbaru | sudah terdaftar
SKIP | Google News — Lelang Pekanbaru | sudah terdaftar
SKIP | Google News — Tender Balikpapan | sudah terdaftar
SKIP | Google News — Lelang Balikpapan | sudah terdaftar
SKIP | Google News — Tender Samarinda | sudah terdaftar
SKIP | Google News — Lelang Samarinda | sudah terdaftar
SKIP | Google News — Tender Manado | sudah terdaftar
SKIP | Google News — Lelang Manado | sudah terdaftar
SKIP | Google News — Tender Padang | sudah terdaftar
SKIP | Google News — Lelang Padang | sudah terdaftar
SKIP | Google News — Tender Banjarmasin | sudah terdaftar
SKIP | Google News — Lelang Banjarmasin | sudah terdaftar
SKIP | Google News — Tender Pontianak | sudah terdaftar
SKIP | Google News — Lelang Pontianak | sudah terdaftar
SKIP | Google News — Tender Jambi | sudah terdaftar
SKIP | Google News — Lelang Jambi | sudah terdaftar
SKIP | Google News — Tender Mataram | sudah terdaftar
SKIP | Google News — Lelang Mataram | sudah terdaftar
SKIP | Google News — Tender Kupang | sudah terdaftar
SKIP | Google News — Lelang Kupang | sudah terdaftar
SKIP | Google News — Tender Ambon | sudah terdaftar
SKIP | Google News — Lelang Ambon | sudah terdaftar
SKIP | Google News — Tender Jayapura | sudah terdaftar
SKIP | Google News — Lelang Jayapura | sudah terdaftar
SKIP | Google News — Tender Batam | sudah terdaftar
SKIP | Google News — Lelang Batam | sudah terdaftar
SKIP | Google News — Tender Lampung | sudah terdaftar
SKIP | Google News — Lelang Lampung | sudah terdaftar
SKIP | Google News — Tender Palu | sudah terdaftar
SKIP | Google News — Lelang Palu | sudah terdaftar
SKIP | Google News — Tender Ternate | sudah terdaftar
SKIP | Google News — Lelang Ternate | sudah terdaftar
SKIP | Google News — Tender Sorong | sudah terdaftar
SKIP | Google News — Lelang Sorong | sudah terdaftar
SKIP | Google News — Tender Kendari | sudah terdaftar
SKIP | Google News — Lelang Kendari | sudah terdaftar
SKIP | Google News — Tender Gorontalo | sudah terdaftar
SKIP | Google News — Lelang Gorontalo | sudah terdaftar
SKIP | Google News — Tender IT Pemerintah | sudah terdaftar
SKIP | Google News — Tender Konstruksi Jalan | sudah terdaftar
SKIP | Google News — Tender Alkes | sudah terdaftar
SKIP | Google News — Pengadaan Seragam Dinas | sudah terdaftar
SKIP | Google News — Tender MBG 2025 | sudah terdaftar
SKIP | Google News — Properti Surabaya | sudah terdaftar
SKIP | Google News — Tanah Surabaya | sudah terdaftar
SKIP | Google News — Properti Semarang | sudah terdaftar
SKIP | Google News — Tanah Semarang | sudah terdaftar
SKIP | Google News — Properti Palembang | sudah terdaftar
SKIP | Google News — Tanah Palembang | sudah terdaftar
SKIP | Google News — Properti Balikpapan | sudah terdaftar
SKIP | Google News — Tanah Balikpapan | sudah terdaftar
SKIP | Google News — Properti Batam | sudah terdaftar
SKIP | Google News — Tanah Batam | sudah terdaftar
SKIP | Google News — Properti Tangerang | sudah terdaftar
SKIP | Google News — Tanah Tangerang | sudah terdaftar
SKIP | Google News — Properti Cikarang | sudah terdaftar
SKIP | Google News — Tanah Cikarang | sudah terdaftar
SKIP | Google News — Properti Karawang | sudah terdaftar
SKIP | Google News — Tanah Karawang | sudah terdaftar
SKIP | Google News — Properti Malang | sudah terdaftar
SKIP | Google News — Tanah Malang | sudah terdaftar
SKIP | Google News — Properti Denpasar | sudah terdaftar
SKIP | Google News — Tanah Denpasar | sudah terdaftar
SKIP | Google News — Lelang Rumah BTN | sudah terdaftar
SKIP | Google News — KPR FLPP 2025 | sudah terdaftar
SKIP | Google News — Rumah di Bawah 500 Juta | sudah terdaftar
SKIP | Google News — Properti Pinggir Tol | sudah terdaftar
SKIP | Google News — Motor Bekas Murah | sudah terdaftar
SKIP | Google News — Lelang Kendaraan Dinas | sudah terdaftar
SKIP | Google News — Truk Bekas | sudah terdaftar
SKIP | Google News — Bus Bekas | sudah terdaftar
SKIP | Google News — Pickup Bekas Murah | sudah terdaftar
SKIP | Google News — Motor Listrik Murah | sudah terdaftar
SKIP | Google News — Franchise Murah 2025 | sudah terdaftar
SKIP | Google News — Usaha Modal Kecil | sudah terdaftar
SKIP | Google News — Distributor FMCG | sudah terdaftar
SKIP | Google News — UMKM Pemerintah | sudah terdaftar
SKIP | Google News — Agen Tunggal | sudah terdaftar
SKIP | Google News — Dropship 2025 | sudah terdaftar
SKIP | Google News — Ekspor UMKM | sudah terdaftar
SKIP | Google News — ORI 2025 | sudah terdaftar
SKIP | Google News — IPO Saham 2025 | sudah terdaftar
SKIP | Google News — Reksa Dana Terbaik | sudah terdaftar
SKIP | Google News — Deposito Bunga Tinggi | sudah terdaftar
SKIP | Google News — P2P Lending OJK | sudah terdaftar
SKIP | Google News — Sukuk Tabungan | sudah terdaftar
SKIP | Google News — Saham Dividen IDX | sudah terdaftar
SKIP | Google News — Loker Startup Tech | sudah terdaftar
SKIP | Google News — Magang Berbayar 2025 | sudah terdaftar
SKIP | Google News — Loker Kalimantan | sudah terdaftar
SKIP | Google News — Loker Papua Sulawesi | sudah terdaftar
SKIP | Google News — Rekrutmen BUMN | sudah terdaftar
SKIP | Google News — Loker Remote WFH | sudah terdaftar
SKIP | Google News — Freelance Proyek | sudah terdaftar

[AUDIT 02 Jul 2026 00:00]
SKIP | Google News — Tender Bandung | sudah terdaftar
SKIP | Google News — Tender Surabaya | sudah terdaftar
SKIP | Google News — Tender Semarang | sudah terdaftar
SKIP | Google News — Tender Medan | sudah terdaftar
SKIP | Google News — Tender Makassar | sudah terdaftar
SKIP | Google News — Tender Yogyakarta | sudah terdaftar
SKIP | Google News — Tender Bali | sudah terdaftar
SKIP | Google News — Tender Kalimantan | sudah terdaftar
SKIP | Google News — Tender Sulawesi | sudah terdaftar
SKIP | Google News — Pengadaan 2025 | sudah terdaftar
SKIP | Google News — Lelang Proyek | sudah terdaftar
SKIP | Google News — Tender RS Pemerintah | sudah terdaftar
SKIP | Google News — Tender Sekolah | sudah terdaftar
SKIP | Google News — Loker Medan | sudah terdaftar
SKIP | Google News — Loker Makassar | sudah terdaftar
SKIP | Google News — Loker Semarang | sudah terdaftar
SKIP | Google News — Loker Yogyakarta | sudah terdaftar
SKIP | Google News — Loker Bali | sudah terdaftar
SKIP | Google News — Rekrutmen TNI Polri | sudah terdaftar
SKIP | Google News — Seleksi PPPK | sudah terdaftar
SKIP | Google News — Loker Tambang Migas | sudah terdaftar
SKIP | Google News — Loker Perbankan | sudah terdaftar
SKIP | Google News — Loker Kesehatan | sudah terdaftar
SKIP | Google News — Loker Pendidikan | sudah terdaftar
SKIP | Google News — Loker Logistik | sudah terdaftar
SKIP | Google News — Properti Bandung | sudah terdaftar
SKIP | Google News — Properti Medan | sudah terdaftar
SKIP | Google News — Properti Yogyakarta | sudah terdaftar
SKIP | Google News — Tanah Bogor | sudah terdaftar
SKIP | Google News — Ruko Bekasi | sudah terdaftar
SKIP | Google News — Apartemen Jakarta | sudah terdaftar
SKIP | Google News — Kavling Depok | sudah terdaftar
SKIP | Google News — Properti Komersial Jakarta | sudah terdaftar
SKIP | Google News — Lelang Properti Bank 2025 | sudah terdaftar
SKIP | Google News — Mobil Bekas Jakarta | sudah terdaftar
SKIP | Google News — Motor Bekas Jakarta | sudah terdaftar
SKIP | Google News — Bus Bekas | sudah terdaftar
SKIP | Google News — Alat Berat Bekas | sudah terdaftar
SKIP | Google News — Mobil Listrik Bekas | sudah terdaftar
SKIP | Google News — Mobil Niaga Bekas | sudah terdaftar
SKIP | Google News — Crowdfunding | sudah terdaftar
SKIP | Google News — Deposito Bunga Tinggi | sudah terdaftar
SKIP | Google News — Investasi Emas | sudah terdaftar
SKIP | Google News — P2P Lending | sudah terdaftar
SKIP | Google News — Franchise Murah | sudah terdaftar
SKIP | Google News — Bisnis Online 2025 | sudah terdaftar
SKIP | Google News — Peluang Ekspor | sudah terdaftar
SKIP | Google News — Agen Resmi | sudah terdaftar
SKIP | Google News — Tender Palembang | sudah terdaftar
SKIP | Google News — Lelang Palembang | sudah terdaftar
SKIP | Google News — Tender Pekanbaru | sudah terdaftar
SKIP | Google News — Lelang Pekanbaru | sudah terdaftar
SKIP | Google News — Tender Balikpapan | sudah terdaftar
SKIP | Google News — Lelang Balikpapan | sudah terdaftar
SKIP | Google News — Tender Samarinda | sudah terdaftar
SKIP | Google News — Lelang Samarinda | sudah terdaftar
SKIP | Google News — Tender Manado | sudah terdaftar
SKIP | Google News — Lelang Manado | sudah terdaftar
SKIP | Google News — Tender Padang | sudah terdaftar
SKIP | Google News — Lelang Padang | sudah terdaftar
SKIP | Google News — Tender Banjarmasin | sudah terdaftar
SKIP | Google News — Lelang Banjarmasin | sudah terdaftar
SKIP | Google News — Tender Pontianak | sudah terdaftar
SKIP | Google News — Lelang Pontianak | sudah terdaftar
SKIP | Google News — Tender Jambi | sudah terdaftar
SKIP | Google News — Lelang Jambi | sudah terdaftar
SKIP | Google News — Tender Mataram | sudah terdaftar
SKIP | Google News — Lelang Mataram | sudah terdaftar
SKIP | Google News — Tender Kupang | sudah terdaftar
SKIP | Google News — Lelang Kupang | sudah terdaftar
SKIP | Google News — Tender Ambon | sudah terdaftar
SKIP | Google News — Lelang Ambon | sudah terdaftar
SKIP | Google News — Tender Jayapura | sudah terdaftar
SKIP | Google News — Lelang Jayapura | sudah terdaftar
SKIP | Google News — Tender Batam | sudah terdaftar
SKIP | Google News — Lelang Batam | sudah terdaftar
SKIP | Google News — Tender Lampung | sudah terdaftar
SKIP | Google News — Lelang Lampung | sudah terdaftar
SKIP | Google News — Tender Palu | sudah terdaftar
SKIP | Google News — Lelang Palu | sudah terdaftar
SKIP | Google News — Tender Ternate | sudah terdaftar
SKIP | Google News — Lelang Ternate | sudah terdaftar
SKIP | Google News — Tender Sorong | sudah terdaftar
SKIP | Google News — Lelang Sorong | sudah terdaftar
SKIP | Google News — Tender Kendari | sudah terdaftar
SKIP | Google News — Lelang Kendari | sudah terdaftar
SKIP | Google News — Tender Gorontalo | sudah terdaftar
SKIP | Google News — Lelang Gorontalo | sudah terdaftar
SKIP | Google News — Tender IT Pemerintah | sudah terdaftar
SKIP | Google News — Tender Konstruksi Jalan | sudah terdaftar
SKIP | Google News — Tender Alkes | sudah terdaftar
SKIP | Google News — Pengadaan Seragam Dinas | sudah terdaftar
SKIP | Google News — Tender MBG 2025 | sudah terdaftar
SKIP | Google News — Properti Surabaya | sudah terdaftar
SKIP | Google News — Tanah Surabaya | sudah terdaftar
SKIP | Google News — Properti Semarang | sudah terdaftar
SKIP | Google News — Tanah Semarang | sudah terdaftar
SKIP | Google News — Properti Palembang | sudah terdaftar
SKIP | Google News — Tanah Palembang | sudah terdaftar
SKIP | Google News — Properti Balikpapan | sudah terdaftar
SKIP | Google News — Tanah Balikpapan | sudah terdaftar
SKIP | Google News — Properti Batam | sudah terdaftar
SKIP | Google News — Tanah Batam | sudah terdaftar
SKIP | Google News — Properti Tangerang | sudah terdaftar
SKIP | Google News — Tanah Tangerang | sudah terdaftar
SKIP | Google News — Properti Cikarang | sudah terdaftar
SKIP | Google News — Tanah Cikarang | sudah terdaftar
SKIP | Google News — Properti Karawang | sudah terdaftar
SKIP | Google News — Tanah Karawang | sudah terdaftar
SKIP | Google News — Properti Malang | sudah terdaftar
SKIP | Google News — Tanah Malang | sudah terdaftar
SKIP | Google News — Properti Denpasar | sudah terdaftar
SKIP | Google News — Tanah Denpasar | sudah terdaftar
SKIP | Google News — Lelang Rumah BTN | sudah terdaftar
SKIP | Google News — KPR FLPP 2025 | sudah terdaftar
SKIP | Google News — Rumah di Bawah 500 Juta | sudah terdaftar
SKIP | Google News — Properti Pinggir Tol | sudah terdaftar
SKIP | Google News — Motor Bekas Murah | sudah terdaftar
SKIP | Google News — Lelang Kendaraan Dinas | sudah terdaftar
SKIP | Google News — Truk Bekas | sudah terdaftar
SKIP | Google News — Bus Bekas | sudah terdaftar
SKIP | Google News — Pickup Bekas Murah | sudah terdaftar
SKIP | Google News — Motor Listrik Murah | sudah terdaftar
SKIP | Google News — Franchise Murah 2025 | sudah terdaftar
SKIP | Google News — Usaha Modal Kecil | sudah terdaftar
SKIP | Google News — Distributor FMCG | sudah terdaftar
SKIP | Google News — UMKM Pemerintah | sudah terdaftar
SKIP | Google News — Agen Tunggal | sudah terdaftar
SKIP | Google News — Dropship 2025 | sudah terdaftar
SKIP | Google News — Ekspor UMKM | sudah terdaftar
SKIP | Google News — ORI 2025 | sudah terdaftar
SKIP | Google News — IPO Saham 2025 | sudah terdaftar
SKIP | Google News — Reksa Dana Terbaik | sudah terdaftar
SKIP | Google News — Deposito Bunga Tinggi | sudah terdaftar
SKIP | Google News — P2P Lending OJK | sudah terdaftar
SKIP | Google News — Sukuk Tabungan | sudah terdaftar
SKIP | Google News — Saham Dividen IDX | sudah terdaftar
SKIP | Google News — Loker Startup Tech | sudah terdaftar
SKIP | Google News — Magang Berbayar 2025 | sudah terdaftar
SKIP | Google News — Loker Kalimantan | sudah terdaftar
SKIP | Google News — Loker Papua Sulawesi | sudah terdaftar
SKIP | Google News — Rekrutmen BUMN | sudah terdaftar
SKIP | Google News — Loker Remote WFH | sudah terdaftar
SKIP | Google News — Freelance Proyek | sudah terdaftar

[AUDIT 03 Jul 2026 00:00]
SKIP | Google News — Tender Bandung | sudah terdaftar
SKIP | Google News — Tender Surabaya | sudah terdaftar
SKIP | Google News — Tender Semarang | sudah terdaftar
SKIP | Google News — Tender Medan | sudah terdaftar
SKIP | Google News — Tender Makassar | sudah terdaftar
SKIP | Google News — Tender Yogyakarta | sudah terdaftar
SKIP | Google News — Tender Bali | sudah terdaftar
SKIP | Google News — Tender Kalimantan | sudah terdaftar
SKIP | Google News — Tender Sulawesi | sudah terdaftar
SKIP | Google News — Pengadaan 2025 | sudah terdaftar
SKIP | Google News — Lelang Proyek | sudah terdaftar
SKIP | Google News — Tender RS Pemerintah | sudah terdaftar
SKIP | Google News — Tender Sekolah | sudah terdaftar
SKIP | Google News — Loker Medan | sudah terdaftar
SKIP | Google News — Loker Makassar | sudah terdaftar
SKIP | Google News — Loker Semarang | sudah terdaftar
SKIP | Google News — Loker Yogyakarta | sudah terdaftar
SKIP | Google News — Loker Bali | sudah terdaftar
SKIP | Google News — Rekrutmen TNI Polri | sudah terdaftar
SKIP | Google News — Seleksi PPPK | sudah terdaftar
SKIP | Google News — Loker Tambang Migas | sudah terdaftar
SKIP | Google News — Loker Perbankan | sudah terdaftar
SKIP | Google News — Loker Kesehatan | sudah terdaftar
SKIP | Google News — Loker Pendidikan | sudah terdaftar
SKIP | Google News — Loker Logistik | sudah terdaftar
SKIP | Google News — Properti Bandung | sudah terdaftar
SKIP | Google News — Properti Medan | sudah terdaftar
SKIP | Google News — Properti Yogyakarta | sudah terdaftar
SKIP | Google News — Tanah Bogor | sudah terdaftar
SKIP | Google News — Ruko Bekasi | sudah terdaftar
SKIP | Google News — Apartemen Jakarta | sudah terdaftar
SKIP | Google News — Kavling Depok | sudah terdaftar
SKIP | Google News — Properti Komersial Jakarta | sudah terdaftar
SKIP | Google News — Lelang Properti Bank 2025 | sudah terdaftar
SKIP | Google News — Mobil Bekas Jakarta | sudah terdaftar
SKIP | Google News — Motor Bekas Jakarta | sudah terdaftar
SKIP | Google News — Bus Bekas | sudah terdaftar
SKIP | Google News — Alat Berat Bekas | sudah terdaftar
SKIP | Google News — Mobil Listrik Bekas | sudah terdaftar
SKIP | Google News — Mobil Niaga Bekas | sudah terdaftar
SKIP | Google News — Crowdfunding | sudah terdaftar
SKIP | Google News — Deposito Bunga Tinggi | sudah terdaftar
SKIP | Google News — Investasi Emas | sudah terdaftar
SKIP | Google News — P2P Lending | sudah terdaftar
SKIP | Google News — Franchise Murah | sudah terdaftar
SKIP | Google News — Bisnis Online 2025 | sudah terdaftar
SKIP | Google News — Peluang Ekspor | sudah terdaftar
SKIP | Google News — Agen Resmi | sudah terdaftar
SKIP | Google News — Tender Palembang | sudah terdaftar
SKIP | Google News — Lelang Palembang | sudah terdaftar
SKIP | Google News — Tender Pekanbaru | sudah terdaftar
SKIP | Google News — Lelang Pekanbaru | sudah terdaftar
SKIP | Google News — Tender Balikpapan | sudah terdaftar
SKIP | Google News — Lelang Balikpapan | sudah terdaftar
SKIP | Google News — Tender Samarinda | sudah terdaftar
SKIP | Google News — Lelang Samarinda | sudah terdaftar
SKIP | Google News — Tender Manado | sudah terdaftar
SKIP | Google News — Lelang Manado | sudah terdaftar
SKIP | Google News — Tender Padang | sudah terdaftar
SKIP | Google News — Lelang Padang | sudah terdaftar
SKIP | Google News — Tender Banjarmasin | sudah terdaftar
SKIP | Google News — Lelang Banjarmasin | sudah terdaftar
SKIP | Google News — Tender Pontianak | sudah terdaftar
SKIP | Google News — Lelang Pontianak | sudah terdaftar
SKIP | Google News — Tender Jambi | sudah terdaftar
SKIP | Google News — Lelang Jambi | sudah terdaftar
SKIP | Google News — Tender Mataram | sudah terdaftar
SKIP | Google News — Lelang Mataram | sudah terdaftar
SKIP | Google News — Tender Kupang | sudah terdaftar
SKIP | Google News — Lelang Kupang | sudah terdaftar
SKIP | Google News — Tender Ambon | sudah terdaftar
SKIP | Google News — Lelang Ambon | sudah terdaftar
SKIP | Google News — Tender Jayapura | sudah terdaftar
SKIP | Google News — Lelang Jayapura | sudah terdaftar
SKIP | Google News — Tender Batam | sudah terdaftar
SKIP | Google News — Lelang Batam | sudah terdaftar
SKIP | Google News — Tender Lampung | sudah terdaftar
SKIP | Google News — Lelang Lampung | sudah terdaftar
SKIP | Google News — Tender Palu | sudah terdaftar
SKIP | Google News — Lelang Palu | sudah terdaftar
SKIP | Google News — Tender Ternate | sudah terdaftar
SKIP | Google News — Lelang Ternate | sudah terdaftar
SKIP | Google News — Tender Sorong | sudah terdaftar
SKIP | Google News — Lelang Sorong | sudah terdaftar
SKIP | Google News — Tender Kendari | sudah terdaftar
SKIP | Google News — Lelang Kendari | sudah terdaftar
SKIP | Google News — Tender Gorontalo | sudah terdaftar
SKIP | Google News — Lelang Gorontalo | sudah terdaftar
SKIP | Google News — Tender IT Pemerintah | sudah terdaftar
SKIP | Google News — Tender Konstruksi Jalan | sudah terdaftar
SKIP | Google News — Tender Alkes | sudah terdaftar
SKIP | Google News — Pengadaan Seragam Dinas | sudah terdaftar
SKIP | Google News — Tender MBG 2025 | sudah terdaftar
SKIP | Google News — Properti Surabaya | sudah terdaftar
SKIP | Google News — Tanah Surabaya | sudah terdaftar
SKIP | Google News — Properti Semarang | sudah terdaftar
SKIP | Google News — Tanah Semarang | sudah terdaftar
SKIP | Google News — Properti Palembang | sudah terdaftar
SKIP | Google News — Tanah Palembang | sudah terdaftar
SKIP | Google News — Properti Balikpapan | sudah terdaftar
SKIP | Google News — Tanah Balikpapan | sudah terdaftar
SKIP | Google News — Properti Batam | sudah terdaftar
SKIP | Google News — Tanah Batam | sudah terdaftar
SKIP | Google News — Properti Tangerang | sudah terdaftar
SKIP | Google News — Tanah Tangerang | sudah terdaftar
SKIP | Google News — Properti Cikarang | sudah terdaftar
SKIP | Google News — Tanah Cikarang | sudah terdaftar
SKIP | Google News — Properti Karawang | sudah terdaftar
SKIP | Google News — Tanah Karawang | sudah terdaftar
SKIP | Google News — Properti Malang | sudah terdaftar
SKIP | Google News — Tanah Malang | sudah terdaftar
SKIP | Google News — Properti Denpasar | sudah terdaftar
SKIP | Google News — Tanah Denpasar | sudah terdaftar
SKIP | Google News — Lelang Rumah BTN | sudah terdaftar
SKIP | Google News — KPR FLPP 2025 | sudah terdaftar
SKIP | Google News — Rumah di Bawah 500 Juta | sudah terdaftar
SKIP | Google News — Properti Pinggir Tol | sudah terdaftar
SKIP | Google News — Motor Bekas Murah | sudah terdaftar
SKIP | Google News — Lelang Kendaraan Dinas | sudah terdaftar
SKIP | Google News — Truk Bekas | sudah terdaftar
SKIP | Google News — Bus Bekas | sudah terdaftar
SKIP | Google News — Pickup Bekas Murah | sudah terdaftar
SKIP | Google News — Motor Listrik Murah | sudah terdaftar
SKIP | Google News — Franchise Murah 2025 | sudah terdaftar
SKIP | Google News — Usaha Modal Kecil | sudah terdaftar
SKIP | Google News — Distributor FMCG | sudah terdaftar
SKIP | Google News — UMKM Pemerintah | sudah terdaftar
SKIP | Google News — Agen Tunggal | sudah terdaftar
SKIP | Google News — Dropship 2025 | sudah terdaftar
SKIP | Google News — Ekspor UMKM | sudah terdaftar
SKIP | Google News — ORI 2025 | sudah terdaftar
SKIP | Google News — IPO Saham 2025 | sudah terdaftar
SKIP | Google News — Reksa Dana Terbaik | sudah terdaftar
SKIP | Google News — Deposito Bunga Tinggi | sudah terdaftar
SKIP | Google News — P2P Lending OJK | sudah terdaftar
SKIP | Google News — Sukuk Tabungan | sudah terdaftar
SKIP | Google News — Saham Dividen IDX | sudah terdaftar
SKIP | Google News — Loker Startup Tech | sudah terdaftar
SKIP | Google News — Magang Berbayar 2025 | sudah terdaftar
SKIP | Google News — Loker Kalimantan | sudah terdaftar
SKIP | Google News — Loker Papua Sulawesi | sudah terdaftar
SKIP | Google News — Rekrutmen BUMN | sudah terdaftar
SKIP | Google News — Loker Remote WFH | sudah terdaftar
SKIP | Google News — Freelance Proyek | sudah terdaftar

[AUDIT 04 Jul 2026 00:00]
SKIP | Google News — Tender Bandung | sudah terdaftar
SKIP | Google News — Tender Surabaya | sudah terdaftar
SKIP | Google News — Tender Semarang | sudah terdaftar
SKIP | Google News — Tender Medan | sudah terdaftar
SKIP | Google News — Tender Makassar | sudah terdaftar
SKIP | Google News — Tender Yogyakarta | sudah terdaftar
SKIP | Google News — Tender Bali | sudah terdaftar
SKIP | Google News — Tender Kalimantan | sudah terdaftar
SKIP | Google News — Tender Sulawesi | sudah terdaftar
SKIP | Google News — Pengadaan 2025 | sudah terdaftar
SKIP | Google News — Lelang Proyek | sudah terdaftar
SKIP | Google News — Tender RS Pemerintah | sudah terdaftar
SKIP | Google News — Tender Sekolah | sudah terdaftar
SKIP | Google News — Loker Medan | sudah terdaftar
SKIP | Google News — Loker Makassar | sudah terdaftar
SKIP | Google News — Loker Semarang | sudah terdaftar
SKIP | Google News — Loker Yogyakarta | sudah terdaftar
SKIP | Google News — Loker Bali | sudah terdaftar
SKIP | Google News — Rekrutmen TNI Polri | sudah terdaftar
SKIP | Google News — Seleksi PPPK | sudah terdaftar
SKIP | Google News — Loker Tambang Migas | sudah terdaftar
SKIP | Google News — Loker Perbankan | sudah terdaftar
SKIP | Google News — Loker Kesehatan | sudah terdaftar
SKIP | Google News — Loker Pendidikan | sudah terdaftar
SKIP | Google News — Loker Logistik | sudah terdaftar
SKIP | Google News — Properti Bandung | sudah terdaftar
SKIP | Google News — Properti Medan | sudah terdaftar
SKIP | Google News — Properti Yogyakarta | sudah terdaftar
SKIP | Google News — Tanah Bogor | sudah terdaftar
SKIP | Google News — Ruko Bekasi | sudah terdaftar
SKIP | Google News — Apartemen Jakarta | sudah terdaftar
SKIP | Google News — Kavling Depok | sudah terdaftar
SKIP | Google News — Properti Komersial Jakarta | sudah terdaftar
SKIP | Google News — Lelang Properti Bank 2025 | sudah terdaftar
SKIP | Google News — Mobil Bekas Jakarta | sudah terdaftar
SKIP | Google News — Motor Bekas Jakarta | sudah terdaftar
SKIP | Google News — Bus Bekas | sudah terdaftar
SKIP | Google News — Alat Berat Bekas | sudah terdaftar
SKIP | Google News — Mobil Listrik Bekas | sudah terdaftar
SKIP | Google News — Mobil Niaga Bekas | sudah terdaftar
SKIP | Google News — Crowdfunding | sudah terdaftar
SKIP | Google News — Deposito Bunga Tinggi | sudah terdaftar
SKIP | Google News — Investasi Emas | sudah terdaftar
SKIP | Google News — P2P Lending | sudah terdaftar
SKIP | Google News — Franchise Murah | sudah terdaftar
SKIP | Google News — Bisnis Online 2025 | sudah terdaftar
SKIP | Google News — Peluang Ekspor | sudah terdaftar
SKIP | Google News — Agen Resmi | sudah terdaftar
SKIP | Google News — Tender Palembang | sudah terdaftar
SKIP | Google News — Lelang Palembang | sudah terdaftar
SKIP | Google News — Tender Pekanbaru | sudah terdaftar
SKIP | Google News — Lelang Pekanbaru | sudah terdaftar
SKIP | Google News — Tender Balikpapan | sudah terdaftar
SKIP | Google News — Lelang Balikpapan | sudah terdaftar
SKIP | Google News — Tender Samarinda | sudah terdaftar
SKIP | Google News — Lelang Samarinda | sudah terdaftar
SKIP | Google News — Tender Manado | sudah terdaftar
SKIP | Google News — Lelang Manado | sudah terdaftar
SKIP | Google News — Tender Padang | sudah terdaftar
SKIP | Google News — Lelang Padang | sudah terdaftar
SKIP | Google News — Tender Banjarmasin | sudah terdaftar
SKIP | Google News — Lelang Banjarmasin | sudah terdaftar
SKIP | Google News — Tender Pontianak | sudah terdaftar
SKIP | Google News — Lelang Pontianak | sudah terdaftar
SKIP | Google News — Tender Jambi | sudah terdaftar
SKIP | Google News — Lelang Jambi | sudah terdaftar
SKIP | Google News — Tender Mataram | sudah terdaftar
SKIP | Google News — Lelang Mataram | sudah terdaftar
SKIP | Google News — Tender Kupang | sudah terdaftar
SKIP | Google News — Lelang Kupang | sudah terdaftar
SKIP | Google News — Tender Ambon | sudah terdaftar
SKIP | Google News — Lelang Ambon | sudah terdaftar
SKIP | Google News — Tender Jayapura | sudah terdaftar
SKIP | Google News — Lelang Jayapura | sudah terdaftar
SKIP | Google News — Tender Batam | sudah terdaftar
SKIP | Google News — Lelang Batam | sudah terdaftar
SKIP | Google News — Tender Lampung | sudah terdaftar
SKIP | Google News — Lelang Lampung | sudah terdaftar
SKIP | Google News — Tender Palu | sudah terdaftar
SKIP | Google News — Lelang Palu | sudah terdaftar
SKIP | Google News — Tender Ternate | sudah terdaftar
SKIP | Google News — Lelang Ternate | sudah terdaftar
SKIP | Google News — Tender Sorong | sudah terdaftar
SKIP | Google News — Lelang Sorong | sudah terdaftar
SKIP | Google News — Tender Kendari | sudah terdaftar
SKIP | Google News — Lelang Kendari | sudah terdaftar
SKIP | Google News — Tender Gorontalo | sudah terdaftar
SKIP | Google News — Lelang Gorontalo | sudah terdaftar
SKIP | Google News — Tender IT Pemerintah | sudah terdaftar
SKIP | Google News — Tender Konstruksi Jalan | sudah terdaftar
SKIP | Google News — Tender Alkes | sudah terdaftar
SKIP | Google News — Pengadaan Seragam Dinas | sudah terdaftar
SKIP | Google News — Tender MBG 2025 | sudah terdaftar
SKIP | Google News — Properti Surabaya | sudah terdaftar
SKIP | Google News — Tanah Surabaya | sudah terdaftar
SKIP | Google News — Properti Semarang | sudah terdaftar
SKIP | Google News — Tanah Semarang | sudah terdaftar
SKIP | Google News — Properti Palembang | sudah terdaftar
SKIP | Google News — Tanah Palembang | sudah terdaftar
SKIP | Google News — Properti Balikpapan | sudah terdaftar
SKIP | Google News — Tanah Balikpapan | sudah terdaftar
SKIP | Google News — Properti Batam | sudah terdaftar
SKIP | Google News — Tanah Batam | sudah terdaftar
SKIP | Google News — Properti Tangerang | sudah terdaftar
SKIP | Google News — Tanah Tangerang | sudah terdaftar
SKIP | Google News — Properti Cikarang | sudah terdaftar
SKIP | Google News — Tanah Cikarang | sudah terdaftar
SKIP | Google News — Properti Karawang | sudah terdaftar
SKIP | Google News — Tanah Karawang | sudah terdaftar
SKIP | Google News — Properti Malang | sudah terdaftar
SKIP | Google News — Tanah Malang | sudah terdaftar
SKIP | Google News — Properti Denpasar | sudah terdaftar
SKIP | Google News — Tanah Denpasar | sudah terdaftar
SKIP | Google News — Lelang Rumah BTN | sudah terdaftar
SKIP | Google News — KPR FLPP 2025 | sudah terdaftar
SKIP | Google News — Rumah di Bawah 500 Juta | sudah terdaftar
SKIP | Google News — Properti Pinggir Tol | sudah terdaftar
SKIP | Google News — Motor Bekas Murah | sudah terdaftar
SKIP | Google News — Lelang Kendaraan Dinas | sudah terdaftar
SKIP | Google News — Truk Bekas | sudah terdaftar
SKIP | Google News — Bus Bekas | sudah terdaftar
SKIP | Google News — Pickup Bekas Murah | sudah terdaftar
SKIP | Google News — Motor Listrik Murah | sudah terdaftar
SKIP | Google News — Franchise Murah 2025 | sudah terdaftar
SKIP | Google News — Usaha Modal Kecil | sudah terdaftar
SKIP | Google News — Distributor FMCG | sudah terdaftar
SKIP | Google News — UMKM Pemerintah | sudah terdaftar
SKIP | Google News — Agen Tunggal | sudah terdaftar
SKIP | Google News — Dropship 2025 | sudah terdaftar
SKIP | Google News — Ekspor UMKM | sudah terdaftar
SKIP | Google News — ORI 2025 | sudah terdaftar
SKIP | Google News — IPO Saham 2025 | sudah terdaftar
SKIP | Google News — Reksa Dana Terbaik | sudah terdaftar
SKIP | Google News — Deposito Bunga Tinggi | sudah terdaftar
SKIP | Google News — P2P Lending OJK | sudah terdaftar
SKIP | Google News — Sukuk Tabungan | sudah terdaftar
SKIP | Google News — Saham Dividen IDX | sudah terdaftar
SKIP | Google News — Loker Startup Tech | sudah terdaftar
SKIP | Google News — Magang Berbayar 2025 | sudah terdaftar
SKIP | Google News — Loker Kalimantan | sudah terdaftar
SKIP | Google News — Loker Papua Sulawesi | sudah terdaftar
SKIP | Google News — Rekrutmen BUMN | sudah terdaftar
SKIP | Google News — Loker Remote WFH | sudah terdaftar
SKIP | Google News — Freelance Proyek | sudah terdaftar
