
[2026-06-28 02:24]
[SKIP] Antara Bisnis — not accessible
[SKIP] Pikiran Rakyat — not accessible
[SKIP] Harian Jogja — not accessible
[SKIP] Suara Merdeka — not accessible
[ADDED] Radar Bandung (BISNIS) — https://www.radarbandung.id/feed
[SKIP] Jawa Pos — not accessible
[SKIP] Radar Surabaya — not accessible
[SKIP] Radar Malang — not accessible
[ADDED] Medcom (BISNIS) — https://www.medcom.id/rss
[ADDED] RMOL (BISNIS) — https://www.rmol.id/rss
[ADDED] Gatra (BISNIS) — https://www.gatra.com/rss
[SKIP] Sinar Harapan — not accessible
[ADDED] Kontan (BISNIS) — https://www.kontan.co.id/rss
[ADDED] Google News — Bisnis Indonesia (BISNIS) — https://news.google.com/rss/search?q=bisnis+Indonesia&hl=id&gl=ID&ceid=ID:id
[ADDED] Google News — Ekspor Impor (BISNIS) — https://news.google.com/rss/search?q=ekspor+impor+Indonesia&hl=id&gl=ID&ceid=ID:id
[ADDED] Google News — UMKM (BISNIS) — https://news.google.com/rss/search?q=UMKM+Indonesia&hl=id&gl=ID&ceid=ID:id
[ADDED] Rumah.com Berita (PROPERTI) — https://www.rumah.com/berita-properti/rss
[SKIP] Sinarmas Land — not accessible
[ADDED] Google News — Perumahan Subsidi (PROPERTI) — https://news.google.com/rss/search?q=perumahan+subsidi&hl=id&gl=ID&ceid=ID:id
[ADDED] Google News — Properti Murah (PROPERTI) — https://news.google.com/rss/search?q=properti+murah+Indonesia&hl=id&gl=ID&ceid=ID:id
[ADDED] Google News — Kos Dijual (PROPERTI) — https://news.google.com/rss/search?q=kos+dijual&hl=id&gl=ID&ceid=ID:id
[ADDED] Google News — Villa Bali (PROPERTI) — https://news.google.com/rss/search?q=villa+dijual+Bali&hl=id&gl=ID&ceid=ID:id
[ADDED] Google News — Gudang (PROPERTI) — https://news.google.com/rss/search?q=gudang+dijual+disewa&hl=id&gl=ID&ceid=ID:id
[ADDED] Google News — Tanah Kavling (PROPERTI) — https://news.google.com/rss/search?q=tanah+kavling+dijual&hl=id&gl=ID&ceid=ID:id
[ADDED] Google News — Pengumuman Tender (TENDER) — https://news.google.com/rss/search?q=pengumuman+tender&hl=id&gl=ID&ceid=ID:id
[ADDED] Google News — Lelang Pengadaan (TENDER) — https://news.google.com/rss/search?q=lelang+pengadaan&hl=id&gl=ID&ceid=ID:id
[ADDED] Google News — E-Procurement (TENDER) — https://news.google.com/rss/search?q=e-procurement+Indonesia&hl=id&gl=ID&ceid=ID:id
[ADDED] Google News — Tender Konstruksi (TENDER) — https://news.google.com/rss/search?q=tender+konstruksi&hl=id&gl=ID&ceid=ID:id
[ADDED] Google News — Tender IT (TENDER) — https://news.google.com/rss/search?q=tender+IT+teknologi&hl=id&gl=ID&ceid=ID:id
[ADDED] Google News — Mobil Baru (KENDARAAN) — https://news.google.com/rss/search?q=mobil+baru+launching&hl=id&gl=ID&ceid=ID:id
[ADDED] Google News — Lelang Kendaraan (KENDARAAN) — https://news.google.com/rss/search?q=lelang+kendaraan&hl=id&gl=ID&ceid=ID:id
[ADDED] Google News — Bus Truk Bekas (KENDARAAN) — https://news.google.com/rss/search?q=bus+truk+bekas&hl=id&gl=ID&ceid=ID:id
[SKIP] Oto.com — not accessible
[ADDED] Moladin (KENDARAAN) — https://www.moladin.com/rss
[ADDED] Google News — IPO Saham (INVESTASI) — https://news.google.com/rss/search?q=saham+IPO+Indonesia&hl=id&gl=ID&ceid=ID:id
[ADDED] Google News — Obligasi (INVESTASI) — https://news.google.com/rss/search?q=obligasi+sukuk+Indonesia&hl=id&gl=ID&ceid=ID:id
[ADDED] Google News — Startup Pendanaan (INVESTASI) — https://news.google.com/rss/search?q=startup+pendanaan+Indonesia&hl=id&gl=ID&ceid=ID:id
[ADDED] Google News — Investasi Properti (INVESTASI) — https://news.google.com/rss/search?q=investasi+properti&hl=id&gl=ID&ceid=ID:id
[ADDED] Google News — Rekrutmen BUMN (LOWONGAN) — https://news.google.com/rss/search?q=rekrutmen+BUMN&hl=id&gl=ID&ceid=ID:id
[ADDED] Google News — CPNS (LOWONGAN) — https://news.google.com/rss/search?q=cpns+2025&hl=id&gl=ID&ceid=ID:id
[ADDED] Google News — Loker Fresh Graduate (LOWONGAN) — https://news.google.com/rss/search?q=loker+fresh+graduate&hl=id&gl=ID&ceid=ID:id
[ADDED] Google News — Magang (LOWONGAN) — https://news.google.com/rss/search?q=magang+kerja+Indonesia&hl=id&gl=ID&ceid=ID:id

=== Auto-discover selesai: +32 added, 0 skipped (exists), 10 failed ===

[2026-06-28 02:26]
[SKIP] Antara Bisnis — not accessible
[SKIP] Pikiran Rakyat — not accessible
[SKIP] Harian Jogja — not accessible
[SKIP] Suara Merdeka — not accessible
[SKIP] Jawa Pos — not accessible
[SKIP] Radar Surabaya — not accessible
[SKIP] Radar Malang — not accessible
[SKIP] Sinar Harapan — not accessible
[SKIP] Sinarmas Land — not accessible
[SKIP] Oto.com — not accessible

=== Auto-discover selesai: +0 added, 32 skipped (exists), 10 failed ===

[28 Jun 2026 02:39]

=== +0 added, 20 skipped, 27 failed ===

[29 Jun 2026 00:00]

=== +0 added, 20 skipped, 27 failed ===
Selesai: +0 added, 20 skipped, 27 failed. Total: 73

[29 Jun 2026 22:02]

=== +0 added, 20 skipped, 15 invalid RSS, 12 blocked legal ===

[29 Jun 2026 22:07]

=== +0 added, 18 skipped, 26 invalid RSS, 33 blocked legal ===

[29 Jun 2026 22:09]

=== +0 added, 0 skipped, 0 invalid RSS, 48 blocked legal ===

[29 Jun 2026 22:09]

=== +0 added, 0 skipped, 0 invalid RSS, 48 blocked legal ===

[29 Jun 2026 22:10]

=== +0 added, 0 skipped, 48 invalid RSS, 0 blocked legal ===

[29 Jun 2026 22:12]
✅ Google News — Tender Bandung (TENDER) — 5 items
✅ Google News — Tender Surabaya (TENDER) — 4 items
✅ Google News — Tender Semarang (TENDER) — 5 items
✅ Google News — Tender Medan (TENDER) — 6 items
✅ Google News — Tender Makassar (TENDER) — 4 items
✅ Google News — Tender Yogyakarta (TENDER) — 5 items
✅ Google News — Tender Bali (TENDER) — 5 items
✅ Google News — Tender Kalimantan (TENDER) — 6 items
✅ Google News — Tender Sulawesi (TENDER) — 6 items
✅ Google News — Pengadaan 2025 (TENDER) — 6 items
✅ Google News — Lelang Proyek (TENDER) — 5 items
✅ Google News — Tender RS Pemerintah (TENDER) — 6 items
✅ Google News — Tender Sekolah (TENDER) — 4 items
✅ Google News — Loker Medan (LOWONGAN) — 5 items
✅ Google News — Loker Makassar (LOWONGAN) — 5 items
✅ Google News — Loker Semarang (LOWONGAN) — 6 items
✅ Google News — Loker Yogyakarta (LOWONGAN) — 5 items
✅ Google News — Loker Bali (LOWONGAN) — 4 items
✅ Google News — Rekrutmen TNI Polri (LOWONGAN) — 5 items
✅ Google News — Seleksi PPPK (LOWONGAN) — 6 items
✅ Google News — Loker Tambang Migas (LOWONGAN) — 5 items
✅ Google News — Loker Perbankan (LOWONGAN) — 5 items
✅ Google News — Loker Kesehatan (LOWONGAN) — 5 items
✅ Google News — Loker Pendidikan (LOWONGAN) — 5 items
✅ Google News — Loker Logistik (LOWONGAN) — 5 items
✅ Google News — Properti Bandung (PROPERTI) — 5 items
✅ Google News — Properti Medan (PROPERTI) — 6 items
✅ Google News — Properti Yogyakarta (PROPERTI) — 5 items
✅ Google News — Tanah Bogor (PROPERTI) — 5 items
✅ Google News — Ruko Bekasi (PROPERTI) — 5 items
✅ Google News — Apartemen Jakarta (PROPERTI) — 5 items
✅ Google News — Kavling Depok (PROPERTI) — 5 items
✅ Google News — Properti Komersial Jakarta (PROPERTI) — 5 items
✅ Google News — Lelang Properti Bank 2025 (PROPERTI) — 6 items
✅ Google News — Mobil Bekas Jakarta (KENDARAAN) — 6 items
✅ Google News — Motor Bekas Jakarta (KENDARAAN) — 5 items
✅ Google News — Bus Bekas (KENDARAAN) — 4 items
✅ Google News — Alat Berat Bekas (KENDARAAN) — 6 items
✅ Google News — Mobil Listrik Bekas (KENDARAAN) — 4 items
✅ Google News — Mobil Niaga Bekas (KENDARAAN) — 6 items
✅ Google News — Crowdfunding (INVESTASI) — 6 items
✅ Google News — Deposito Bunga Tinggi (INVESTASI) — 6 items
✅ Google News — Investasi Emas (INVESTASI) — 5 items
✅ Google News — P2P Lending (INVESTASI) — 6 items
✅ Google News — Franchise Murah (BISNIS) — 6 items
✅ Google News — Bisnis Online 2025 (BISNIS) — 6 items
✅ Google News — Peluang Ekspor (BISNIS) — 5 items
✅ Google News — Agen Resmi (BISNIS) — 6 items
=== +48 added, 0 skipped, 0 invalid RSS, 0 blocked legal ===

[29 Jun 2026 22:42]
✅ Google News — Lelang Pontianak (TENDER) — 4 items
✅ Google News — Tender Jambi (TENDER) — 6 items
✅ Google News — Lelang Jambi (TENDER) — 5 items
✅ Google News — Tender Mataram (TENDER) — 6 items
✅ Google News — Lelang Mataram (TENDER) — 6 items
✅ Google News — Tender Kupang (TENDER) — 5 items
✅ Google News — Lelang Kupang (TENDER) — 5 items
✅ Google News — Tender Ambon (TENDER) — 5 items
✅ Google News — Lelang Ambon (TENDER) — 6 items
✅ Google News — Tender Jayapura (TENDER) — 5 items
✅ Google News — Lelang Jayapura (TENDER) — 6 items
✅ Google News — Tender Batam (TENDER) — 5 items
✅ Google News — Lelang Batam (TENDER) — 5 items
✅ Google News — Tender Lampung (TENDER) — 5 items
✅ Google News — Lelang Lampung (TENDER) — 6 items
✅ Google News — Tender Palu (TENDER) — 6 items
✅ Google News — Lelang Palu (TENDER) — 5 items
✅ Google News — Tender Ternate (TENDER) — 6 items
✅ Google News — Lelang Ternate (TENDER) — 5 items
✅ Google News — Tender Sorong (TENDER) — 5 items
✅ Google News — Lelang Sorong (TENDER) — 6 items
✅ Google News — Tender Kendari (TENDER) — 5 items
✅ Google News — Lelang Kendari (TENDER) — 4 items
✅ Google News — Tender Gorontalo (TENDER) — 5 items
✅ Google News — Lelang Gorontalo (TENDER) — 5 items
✅ Google News — Tender IT Pemerintah (TENDER) — 6 items
✅ Google News — Tender Konstruksi Jalan (TENDER) — 5 items
✅ Google News — Tender Alkes (TENDER) — 6 items
✅ Google News — Pengadaan Seragam Dinas (TENDER) — 6 items
✅ Google News — Tender MBG 2025 (TENDER) — 6 items
✅ Google News — Tanah Surabaya (PROPERTI) — 5 items
✅ Google News — Tanah Semarang (PROPERTI) — 6 items
✅ Google News — Properti Palembang (PROPERTI) — 6 items
✅ Google News — Tanah Palembang (PROPERTI) — 6 items
✅ Google News — Properti Balikpapan (PROPERTI) — 5 items
✅ Google News — Tanah Balikpapan (PROPERTI) — 5 items
✅ Google News — Properti Batam (PROPERTI) — 5 items
✅ Google News — Tanah Batam (PROPERTI) — 5 items
✅ Google News — Properti Tangerang (PROPERTI) — 5 items
✅ Google News — Tanah Tangerang (PROPERTI) — 6 items
✅ Google News — Properti Cikarang (PROPERTI) — 5 items
✅ Google News — Tanah Cikarang (PROPERTI) — 5 items
✅ Google News — Properti Karawang (PROPERTI) — 6 items
✅ Google News — Tanah Karawang (PROPERTI) — 5 items
✅ Google News — Properti Malang (PROPERTI) — 5 items
✅ Google News — Tanah Malang (PROPERTI) — 4 items
✅ Google News — Properti Denpasar (PROPERTI) — 6 items
✅ Google News — Tanah Denpasar (PROPERTI) — 5 items
✅ Google News — Lelang Rumah BTN (PROPERTI) — 5 items
✅ Google News — Rumah di Bawah 500 Juta (PROPERTI) — 5 items
✅ Google News — Properti Pinggir Tol (PROPERTI) — 5 items
✅ Google News — Lelang Kendaraan Dinas (KENDARAAN) — 5 items
✅ Google News — Truk Bekas (KENDARAAN) — 5 items
✅ Google News — Bus Bekas (KENDARAAN) — 4 items
✅ Google News — Pickup Bekas Murah (KENDARAAN) — 6 items
✅ Google News — Motor Listrik Murah (KENDARAAN) — 5 items
✅ Google News — Franchise Murah 2025 (BISNIS) — 5 items
✅ Google News — Usaha Modal Kecil (BISNIS) — 5 items
✅ Google News — Distributor FMCG (BISNIS) — 6 items
✅ Google News — UMKM Pemerintah (BISNIS) — 6 items
✅ Google News — Agen Tunggal (BISNIS) — 5 items
✅ Google News — Dropship 2025 (BISNIS) — 6 items
✅ Google News — Ekspor UMKM (BISNIS) — 5 items
✅ Google News — ORI 2025 (INVESTASI) — 6 items
✅ Google News — IPO Saham 2025 (INVESTASI) — 7 items
✅ Google News — Reksa Dana Terbaik (INVESTASI) — 7 items
✅ Google News — Deposito Bunga Tinggi (INVESTASI) — 6 items
✅ Google News — P2P Lending OJK (INVESTASI) — 5 items
✅ Google News — Sukuk Tabungan (INVESTASI) — 6 items
✅ Google News — Saham Dividen IDX (INVESTASI) — 5 items
✅ Google News — Loker Startup Tech (LOWONGAN) — 5 items
✅ Google News — Magang Berbayar 2025 (LOWONGAN) — 5 items
✅ Google News — Loker Kalimantan (LOWONGAN) — 6 items
✅ Google News — Loker Papua Sulawesi (LOWONGAN) — 5 items
✅ Google News — Rekrutmen BUMN (LOWONGAN) — 6 items
✅ Google News — Loker Remote WFH (LOWONGAN) — 5 items
✅ Google News — Freelance Proyek (LOWONGAN) — 7 items
=== +77 added, 67 skipped, 0 invalid RSS, 0 blocked legal ===

[29 Jun 2026 22:46]

=== +0 added, 144 skipped, 0 invalid RSS, 0 blocked legal ===

[30 Jun 2026 00:00]

=== +0 added, 144 skipped, 0 invalid RSS, 0 blocked legal ===
Selesai: +0 added, 144 skipped, 0 invalid, 0 blocked. Total: 360

[01 Jul 2026 00:00]

=== +0 added, 144 skipped, 0 invalid RSS, 0 blocked legal ===
Selesai: +0 added, 144 skipped, 0 invalid, 0 blocked. Total: 378

[02 Jul 2026 00:00]

=== +0 added, 144 skipped, 0 invalid RSS, 0 blocked legal ===
Selesai: +0 added, 144 skipped, 0 invalid, 0 blocked. Total: 384

[03 Jul 2026 00:00]

=== +0 added, 144 skipped, 0 invalid RSS, 0 blocked legal ===
Selesai: +0 added, 144 skipped, 0 invalid, 0 blocked. Total: 384

[04 Jul 2026 00:00]

=== +0 added, 144 skipped, 0 invalid RSS, 0 blocked legal ===
Selesai: +0 added, 144 skipped, 0 invalid, 0 blocked. Total: 384
