[06:28:22] ============================================================
[06:28:22] DISCOVERY: Tender & Marketplace Indonesia
[06:28:22] Total seed: 93 domain + 7 GNews feed
[06:28:22]   [NEW] lpse.lkpp.go.id (TENDER)
[06:28:22]   [NEW] lpse.pu.go.id (TENDER)
[06:28:22]   [NEW] lpse.kemenkeu.go.id (TENDER)
[06:28:22]   [NEW] lpse.kominfo.go.id (TENDER)
[06:28:23]   [NEW] lpse.kemkes.go.id (TENDER)
[06:28:23]   [NEW] lpse.kemendikbud.go.id (TENDER)
[06:28:23]   [NEW] lpse.polri.go.id (TENDER)
[06:28:23]   [NEW] lpse.tni.mil.id (TENDER)
[06:28:23]   [NEW] lpse.bpk.go.id (TENDER)
[06:28:24]   [NEW] lpse.bkn.go.id (TENDER)
[06:28:24]   [NEW] lpse.bpkp.go.id (TENDER)
[06:28:24]   [NEW] lpse.bappenas.go.id (TENDER)
[06:28:24]   [NEW] lpse.kemenag.go.id (TENDER)
[06:28:24]   [NEW] lpse.kemendagri.go.id (TENDER)
[06:28:25]   [NEW] lpse.kementan.go.id (TENDER)
[06:28:25]   [NEW] lpse.esdm.go.id (TENDER)
[06:28:25]   [NEW] lpse.kemenhub.go.id (TENDER)
[06:28:25]   [NEW] lpse.jakarta.go.id (TENDER)
[06:28:25]   [NEW] lpse.jabarprov.go.id (TENDER)
[06:28:26]   [NEW] lpse.jatengprov.go.id (TENDER)
[06:28:26]   [NEW] lpse.jatimprov.go.id (TENDER)
[06:28:26]   [NEW] lpse.bali.go.id (TENDER)
[06:28:26]   [NEW] lpse.sulsel.go.id (TENDER)
[06:28:26]   [NEW] lpse.sumut.go.id (TENDER)
[06:28:27]   [NEW] lpse.riau.go.id (TENDER)
[06:28:27]   [NEW] lpse.kaltim.go.id (TENDER)
[06:28:27]   [NEW] lpse.ntb.go.id (TENDER)
[06:28:27]   [NEW] lpse.aceh.go.id (TENDER)
[06:28:27]   [NEW] tender-indonesia.com (TENDER)
[06:28:28]   [NEW] pengadaan.web.id (TENDER)
[06:28:28]   [NEW] bisnispengadaan.com (TENDER)
[06:28:28]   [NEW] tenderdetail.com (TENDER)
[06:28:28]   [NEW] tenderpemerintah.com (TENDER)
[06:28:29]   [NEW] infotender.id (TENDER)
[06:28:29]   [NEW] e-tender.co.id (TENDER)
[06:28:29]   [NEW] pengadaan.go.id (TENDER)
[06:28:29]   [NEW] sirup.lkpp.go.id (TENDER)
[06:28:29]   [NEW] lpse.pertamina.com (TENDER)
[06:28:30]   [NEW] lpse.pln.co.id (TENDER)
[06:28:30]   [NEW] lpse.telkom.co.id (TENDER)
[06:28:30]   [NEW] lpse.bulog.co.id (TENDER)
[06:28:30]   [NEW] lpse.kimia-farma.co.id (TENDER)
[06:28:30]   [NEW] lpse.bandung.go.id (TENDER)
[06:28:31]   [NEW] lpse.surabaya.go.id (TENDER)
[06:28:31]   [NEW] lpse.medan.go.id (TENDER)
[06:28:31]   [NEW] lpse.semarang.go.id (TENDER)
[06:28:31]   [NEW] lpse.makassar.go.id (TENDER)
[06:28:31]   [NEW] lpse.palembang.go.id (TENDER)
[06:28:32]   [NEW] lpse.depok.go.id (TENDER)
[06:28:32]   [NEW] lpse.bogor.go.id (TENDER)
[06:28:32]   [NEW] lpse.tangerang.go.id (TENDER)
[06:28:32]   [NEW] lpse.bekasi.go.id (TENDER)
[06:28:32]   [NEW] lpse.yogyakarta.go.id (TENDER)
[06:28:33]   [NEW] lpse.malang.go.id (TENDER)
[06:28:33]   [NEW] tokopedia.com (BISNIS)
[06:28:33]   [NEW] bukalapak.com (BISNIS)
[06:28:33]   [NEW] shopee.co.id (BISNIS)
[06:28:33]   [NEW] lazada.co.id (BISNIS)
[06:28:33]   [NEW] blibli.com (BISNIS)
[06:28:34]   [NEW] jd.id (BISNIS)
[06:28:34]   [NEW] orami.co.id (BISNIS)
[06:28:34]   [NEW] olx.co.id (BISNIS)
[06:28:34]   [NEW] jualo.com (BISNIS)
[06:28:35]   [NEW] locanto.co.id (BISNIS)
[06:28:35]   [NEW] berniaga.com (BISNIS)
[06:28:35]   [NEW] kaskus.co.id (BISNIS)
[06:28:35]   [NEW] carousell.co.id (BISNIS)
[06:28:35]   [NEW] indonetwork.co.id (BISNIS)
[06:28:36]   [NEW] indotrading.com (BISNIS)
[06:28:36]   [NEW] ecvv.com (BISNIS)
[06:28:36]   [NEW] exportersindia.com (BISNIS)
[06:28:36]   [NEW] tradekey.com (BISNIS)
[06:28:36]   [NEW] franchisekey.com (BISNIS)
[06:28:37]   [NEW] infofranchiise.com (BISNIS)
[06:28:37]   [NEW] duniafranshise.com (BISNIS)
[06:28:37]   [NEW] bisniswaralaba.com (BISNIS)
[06:28:37]   [NEW] rumah.com (PROPERTI)
[06:28:37]   [NEW] lamudi.co.id (PROPERTI)
[06:28:38]   [NEW] dotproperty.co.id (PROPERTI)
[06:28:38]   [NEW] raywhite.co.id (PROPERTI)
[06:28:38]   [NEW] era.id (PROPERTI)
[06:28:38]   [NEW] century21.co.id (PROPERTI)
[06:28:38]   [NEW] mobil123.com (KENDARAAN)
[06:28:39]   [NEW] oto.com (KENDARAAN)
[06:28:39]   [NEW] mobilbekas.com (KENDARAAN)
[06:28:39]   [NEW] carmudi.co.id (KENDARAAN)
[06:28:39]   [NEW] moladin.com (KENDARAAN)
[06:28:39]   [NEW] carro.id (KENDARAAN)
[06:28:40]   [NEW] garasi.id (KENDARAAN)
[06:28:40]   [NEW] autofun.co.id (KENDARAAN)
[06:28:40]   [NEW] motormu.com (KENDARAAN)
[06:28:40]   [NEW] carijual.com (KENDARAAN)
[06:28:40]   [NEW] seminue.com (KENDARAAN)
[06:28:41] 
Cek Google News RSS feeds...
[06:28:41]   [RSS_OK] GNews Tender Pengadaan
[06:28:42]   [RSS_OK] GNews Lelang LPSE
[06:28:43]   [RSS_OK] GNews Pengadaan Pemerintah
[06:28:44]   [RSS_OK] GNews Jual Beli Bisnis
[06:28:45]   [RSS_OK] GNews Lelang Aset
[06:28:45]   [RSS_OK] GNews Tender Konstruksi
[06:28:46]   [RSS_OK] GNews LPSE e-Procurement
[06:28:47] 
============================================================
[06:28:47] SUMMARY:
[06:28:47]   Total domain dicek: 93
[06:28:47]   Sudah ada di DB: 0
[06:28:47]   BARU (belum di DB): 93
[06:28:47]   GNews feeds OK: 7/7
[06:28:47]   Output: /var/www/pantau.in/scripts/tender-marketplace-candidates.txt
[06:28:47] 
Domain BARU yang bisa ditambahkan:
[06:28:47]   + lpse.lkpp.go.id [TENDER] - LPSE LKPP Nasional
[06:28:47]   + lpse.pu.go.id [TENDER] - LPSE Kementerian PU
[06:28:47]   + lpse.kemenkeu.go.id [TENDER] - LPSE Kemenkeu
[06:28:47]   + lpse.kominfo.go.id [TENDER] - LPSE Kominfo
[06:28:47]   + lpse.kemkes.go.id [TENDER] - LPSE Kemenkes
[06:28:47]   + lpse.kemendikbud.go.id [TENDER] - LPSE Kemendikbud
[06:28:47]   + lpse.polri.go.id [TENDER] - LPSE Polri
[06:28:47]   + lpse.tni.mil.id [TENDER] - LPSE TNI
[06:28:47]   + lpse.bpk.go.id [TENDER] - LPSE BPK
[06:28:47]   + lpse.bkn.go.id [TENDER] - LPSE BKN
[06:28:47]   + lpse.bpkp.go.id [TENDER] - LPSE BPKP
[06:28:47]   + lpse.bappenas.go.id [TENDER] - LPSE Bappenas
[06:28:47]   + lpse.kemenag.go.id [TENDER] - LPSE Kemenag
[06:28:47]   + lpse.kemendagri.go.id [TENDER] - LPSE Kemendagri
[06:28:47]   + lpse.kementan.go.id [TENDER] - LPSE Kementan
[06:28:47]   + lpse.esdm.go.id [TENDER] - LPSE ESDM
[06:28:47]   + lpse.kemenhub.go.id [TENDER] - LPSE Kemenhub
[06:28:47]   + lpse.jakarta.go.id [TENDER] - LPSE DKI Jakarta
[06:28:47]   + lpse.jabarprov.go.id [TENDER] - LPSE Jawa Barat
[06:28:47]   + lpse.jatengprov.go.id [TENDER] - LPSE Jawa Tengah
[06:28:47]   + lpse.jatimprov.go.id [TENDER] - LPSE Jawa Timur
[06:28:47]   + lpse.bali.go.id [TENDER] - LPSE Bali
[06:28:47]   + lpse.sulsel.go.id [TENDER] - LPSE Sulawesi Selatan
[06:28:47]   + lpse.sumut.go.id [TENDER] - LPSE Sumatera Utara
[06:28:47]   + lpse.riau.go.id [TENDER] - LPSE Riau
[06:28:47]   + lpse.kaltim.go.id [TENDER] - LPSE Kalimantan Timur
[06:28:47]   + lpse.ntb.go.id [TENDER] - LPSE NTB
[06:28:47]   + lpse.aceh.go.id [TENDER] - LPSE Aceh
[06:28:47]   + tender-indonesia.com [TENDER] - Tender Indonesia
[06:28:47]   + pengadaan.web.id [TENDER] - Pengadaan Web ID
[06:28:47]   + bisnispengadaan.com [TENDER] - Bisnis Pengadaan
[06:28:47]   + tenderdetail.com [TENDER] - Tender Detail
[06:28:47]   + tenderpemerintah.com [TENDER] - Tender Pemerintah
[06:28:47]   + infotender.id [TENDER] - Info Tender ID
[06:28:47]   + e-tender.co.id [TENDER] - E-Tender
[06:28:47]   + pengadaan.go.id [TENDER] - SPSE Nasional
[06:28:47]   + sirup.lkpp.go.id [TENDER] - SIRUP LKPP
[06:28:47]   + lpse.pertamina.com [TENDER] - LPSE Pertamina
[06:28:47]   + lpse.pln.co.id [TENDER] - LPSE PLN
[06:28:47]   + lpse.telkom.co.id [TENDER] - LPSE Telkom
[06:28:47]   + lpse.bulog.co.id [TENDER] - LPSE Bulog
[06:28:47]   + lpse.kimia-farma.co.id [TENDER] - LPSE Kimia Farma
[06:28:47]   + lpse.bandung.go.id [TENDER] - LPSE Bandung
[06:28:47]   + lpse.surabaya.go.id [TENDER] - LPSE Surabaya
[06:28:47]   + lpse.medan.go.id [TENDER] - LPSE Medan
[06:28:47]   + lpse.semarang.go.id [TENDER] - LPSE Semarang
[06:28:47]   + lpse.makassar.go.id [TENDER] - LPSE Makassar
[06:28:47]   + lpse.palembang.go.id [TENDER] - LPSE Palembang
[06:28:47]   + lpse.depok.go.id [TENDER] - LPSE Depok
[06:28:47]   + lpse.bogor.go.id [TENDER] - LPSE Bogor
[06:28:47]   + lpse.tangerang.go.id [TENDER] - LPSE Tangerang
[06:28:47]   + lpse.bekasi.go.id [TENDER] - LPSE Bekasi
[06:28:47]   + lpse.yogyakarta.go.id [TENDER] - LPSE Yogyakarta
[06:28:47]   + lpse.malang.go.id [TENDER] - LPSE Malang
[06:28:47]   + tokopedia.com [BISNIS] - Tokopedia
[06:28:47]   + bukalapak.com [BISNIS] - Bukalapak
[06:28:47]   + shopee.co.id [BISNIS] - Shopee Indonesia
[06:28:47]   + lazada.co.id [BISNIS] - Lazada Indonesia
[06:28:47]   + blibli.com [BISNIS] - Blibli
[06:28:47]   + jd.id [BISNIS] - JD.ID
[06:28:47]   + orami.co.id [BISNIS] - Orami
[06:28:47]   + olx.co.id [BISNIS] - OLX Indonesia
[06:28:47]   + jualo.com [BISNIS] - Jualo
[06:28:47]   + locanto.co.id [BISNIS] - Locanto Indonesia
[06:28:47]   + berniaga.com [BISNIS] - Berniaga
[06:28:47]   + kaskus.co.id [BISNIS] - Kaskus FJB
[06:28:47]   + carousell.co.id [BISNIS] - Carousell Indonesia
[06:28:47]   + indonetwork.co.id [BISNIS] - Indonetwork
[06:28:47]   + indotrading.com [BISNIS] - Indotrading
[06:28:47]   + ecvv.com [BISNIS] - ECVV Indonesia
[06:28:47]   + exportersindia.com [BISNIS] - Exporters India ID
[06:28:47]   + tradekey.com [BISNIS] - TradeKey Indonesia
[06:28:47]   + franchisekey.com [BISNIS] - Franchise Key
[06:28:47]   + infofranchiise.com [BISNIS] - Info Franchise
[06:28:47]   + duniafranshise.com [BISNIS] - Dunia Franchise
[06:28:47]   + bisniswaralaba.com [BISNIS] - Bisnis Waralaba
[06:28:47]   + rumah.com [PROPERTI] - Rumah.com
[06:28:47]   + lamudi.co.id [PROPERTI] - Lamudi
[06:28:47]   + dotproperty.co.id [PROPERTI] - Dot Property
[06:28:47]   + raywhite.co.id [PROPERTI] - Ray White Indonesia
[06:28:47]   + era.id [PROPERTI] - ERA Indonesia
[06:28:47]   + century21.co.id [PROPERTI] - Century 21
[06:28:47]   + mobil123.com [KENDARAAN] - Mobil123
[06:28:47]   + oto.com [KENDARAAN] - OTO.com
[06:28:47]   + mobilbekas.com [KENDARAAN] - Mobilbekas
[06:28:47]   + carmudi.co.id [KENDARAAN] - Carmudi Indonesia
[06:28:47]   + moladin.com [KENDARAAN] - Moladin
[06:28:47]   + carro.id [KENDARAAN] - Carro Indonesia
[06:28:47]   + garasi.id [KENDARAAN] - Garasi.id
[06:28:47]   + autofun.co.id [KENDARAAN] - Autofun Indonesia
[06:28:47]   + motormu.com [KENDARAAN] - Motormu
[06:28:47]   + carijual.com [KENDARAAN] - Cari Jual Motor
[06:28:47]   + seminue.com [KENDARAAN] - Seminue
