
[HEALTH CHECK 30 Jun 2026 22:15]
BANTUAN: 9 OK, 1 belum ada data, 0 error
BEASISWA: 10 OK, 7 belum ada data, 0 error
BISNIS: 52 OK, 23 belum ada data, 1 error
INVESTASI: 29 OK, 12 belum ada data, 0 error
KENDARAAN: 29 OK, 13 belum ada data, 1 error
LOWONGAN: 28 OK, 14 belum ada data, 2 error
PROPERTI: 58 OK, 17 belum ada data, 1 error
TENDER: 59 OK, 17 belum ada data, 1 error

[HEALTH CHECK 30 Jun 2026 22:15]
BANTUAN: 9 OK, 1 belum ada data, 0 error
BEASISWA: 10 OK, 7 belum ada data, 0 error
BISNIS: 52 OK, 23 belum ada data, 1 error
INVESTASI: 29 OK, 12 belum ada data, 0 error
KENDARAAN: 29 OK, 13 belum ada data, 1 error
LOWONGAN: 28 OK, 14 belum ada data, 2 error
PROPERTI: 58 OK, 17 belum ada data, 1 error
TENDER: 59 OK, 17 belum ada data, 1 error

[HEALTH CHECK 30 Jun 2026 22:21]
BANTUAN: 9 OK, 1 belum ada data, 0 error
BEASISWA: 10 OK, 7 belum ada data, 0 error
BISNIS: 52 OK, 23 belum ada data, 1 error
INVESTASI: 29 OK, 12 belum ada data, 0 error
KENDARAAN: 29 OK, 13 belum ada data, 1 error
LOWONGAN: 28 OK, 14 belum ada data, 2 error
PROPERTI: 58 OK, 17 belum ada data, 1 error
TENDER: 59 OK, 17 belum ada data, 1 error

[HEALTH CHECK 01 Jul 2026 01:00]
BANTUAN: 9 OK, 1 belum ada data, 0 error
BEASISWA: 10 OK, 7 belum ada data, 0 error
BISNIS: 52 OK, 23 belum ada data, 0 error
INVESTASI: 29 OK, 12 belum ada data, 0 error
KENDARAAN: 29 OK, 13 belum ada data, 0 error
LOWONGAN: 28 OK, 14 belum ada data, 0 error
PROPERTI: 58 OK, 17 belum ada data, 0 error
TENDER: 59 OK, 17 belum ada data, 0 error
Health check selesai: 274 OK, 0 error, 0 dinonaktifkan

[HEALTH CHECK 02 Jul 2026 01:00]
BANTUAN: 9 OK, 1 belum ada data, 0 error
BEASISWA: 10 OK, 7 belum ada data, 0 error
BISNIS: 51 OK, 25 belum ada data, 0 error
INVESTASI: 29 OK, 12 belum ada data, 0 error
KENDARAAN: 29 OK, 13 belum ada data, 0 error
LOWONGAN: 28 OK, 14 belum ada data, 0 error
PROPERTI: 58 OK, 17 belum ada data, 0 error
TENDER: 60 OK, 21 belum ada data, 0 error
Health check selesai: 274 OK, 0 error, 0 dinonaktifkan

[HEALTH CHECK 03 Jul 2026 01:00]
BANTUAN: 9 OK, 1 belum ada data, 0 error
BEASISWA: 10 OK, 7 belum ada data, 0 error
BISNIS: 51 OK, 25 belum ada data, 0 error
INVESTASI: 29 OK, 12 belum ada data, 0 error
KENDARAAN: 29 OK, 13 belum ada data, 0 error
LOWONGAN: 28 OK, 14 belum ada data, 0 error
PROPERTI: 58 OK, 17 belum ada data, 0 error
TENDER: 60 OK, 21 belum ada data, 0 error
Health check selesai: 274 OK, 0 error, 0 dinonaktifkan

[HEALTH CHECK 04 Jul 2026 01:00]
BANTUAN: 9 OK, 1 belum ada data, 0 error
BEASISWA: 10 OK, 7 belum ada data, 0 error
BISNIS: 49 OK, 27 belum ada data, 0 error
INVESTASI: 29 OK, 12 belum ada data, 0 error
KENDARAAN: 29 OK, 13 belum ada data, 0 error
LOWONGAN: 26 OK, 16 belum ada data, 0 error
PROPERTI: 57 OK, 18 belum ada data, 0 error
TENDER: 58 OK, 23 belum ada data, 0 error
Health check selesai: 267 OK, 0 error, 0 dinonaktifkan
